faff3662102002a9861060040314ed5310100c07440be007e301140d2f1837e020040180000740200cbc8e5466c0e82f10bf9ad29e40100cb935269fbd949930bc46234680200cbb425c343b1068df3ae1c7e58030103f800001b778c7f03738d82737107feef7
faff3671102002a9871060040314edb710100c07dca26007e301140d2f1837e020040000000520300cc2c6ec743e083f53c33330cb40200c3ce7e9cbc11a8e2fbfd04d0c40100c39931323bdc5d49bbc8552c480200c3ab21f42bb513ab9bb51e94c8030103f80000136e3ff0cb785e822b78657df19
faff3671102002a9881060040314ee1b10100c087538e007e301140d2f1837e020040000000520300cc2c6ec1f3e07b80ac333309940200c3d26e1e0c11a9c5bbfcfcb7640100c39d525c9bdc5e6c3bc84ff6280200c3a9488c2ba99392aba9136fb8030103f80000036be1fb1b6c42036b6b9dff9b5
faff3671102002a9891060040314ee7f10100c090dcf6007e301140d2f1837e020040000000520300cc2c6ec343e05cd53c333305b40200c3c920368c11b1e34bfd2cdd740100c39378fb2bdc68d15bc86e98680200cb99c407aba915cddbb6364708030103f800001b5c8009db6ba1076b79187f6a1
faff3671102002a98a1060040314eee310100c09a665e007e301140d2f1837e020040000000520300cc2c6ed003e034c06c3332fc640200c3cfe5ba8c11aeb65bfd1e01b40100c39a09ef9bdc64c44bc864c6b80200cbb330774bb51ef9dbb9dba238030103f800001b7652842b7865be9b7c9e40390
faff3671102002a98b1060040314ef4710100c0a3efc6007e301140d2f1837e020040000000520300cc2c6ecf83e02c7d5c3332fa440200c3d10e31fc11afe43bfd3361b40100c39b90b88bdc6642bbc872d1a80200c38f7a3c9ba44185eba754f7b8030103f800001351e7d4cb67b0078b69cffaa38
faff3671102002a98c1060040314efab10100c0ad792e007e301140d2f1837e020040000000520300cc2c6ed7b3e02f91bc3332f1740200c3d25d731c11ad81bbfd323fc40100c39d4836ebdc6337cbc871dc180200cbae11877bb75d363b933b3ce8030103f800000b7100fa9b79d5416b56604e07a
faff3671102002a98d1060040314f00f10100c0b70296007e301140d2f1837e020040000000520300cc2c6ec2c3e013c8dc3332ebd40200c3cbe2eeac11a8dc7bfd0966a40100c3970927cbdc5d3d0bc85880e80200c3b92d07fbafa0c62bb4e4c318030103f80000137bbec27b72007ecb78407cca8
faff3671102002a98e1060040314f07310100c0c08bfe007e301140d2f1837e020040000000520300cc2c6eca33e0075bac3332e0a40200c3d11b939c11abd77bfd0aacc40100c39b9f52dbdc6115ebc8588d280200cbacd90bebb92dcd1baf5f3278030103f800001b7038fd6b7bbfbedb71d686be2
faff3671102002a98f1060040314f0d710100c0ca1566007e301140d2f1837e020040000000520300cc2c6ec593e00c661c3332dfd40200c3cf19e43c11ae5adbfd2ab5640100c399b0c80bdc6449fbc86d61780200c3a837e3bb9e291a03a4223c98030103f80000136a84fa8b611010a36787fbaa0
faff3671102002a9901060040314f13b10100c0d39ece007e301140d2f1837e020040000000520300cc2c6eb963dfe19acc3332dee40200c3cfe4a11c11ae039bfd0e06840100c39a16591bdc63d82bc85b3b980200c3b2db4af389ab0ffbb2d50c68030103f800000375e57eb34c60146b75dd80889
faff3671102002a9911060040314f19f10100c0dd2836007e301140d2f1837e020040000000520300cc2c6ec4c3dfbda12c3332d6c40200c3cfbd074c11aa58bbfd0e0e240100c39a05fe3bdc5f2d1bc85a9d280200cbb1b4636bb4bf475bb0828228030103f800001b746c047b78287f8b72e47d80e
faff3671102002a9921060040314f20310100c0e6b19e007e301140d2f1837e020040000000520300cc2c6ec593df910dac3332d5440200c3d205efdc11ace57bfd232ea40100c39cc47fabdc626dcbc8686b480200cb9102152b9846e0bbb0333798030103f800001b5387c92b5a9829db727eff546
faff3671102002a9931060040314f26710100c0f03b06007e301140d2f1837e020040000000520300cc2c6ec2f3df672adc3332d6840200c3d35d68fc11aa5d3bfd16cec40100c39e7df0fbdc5f2ecbc86097f80200c3a1e1acd3a5ed9d8bad1219b8030103f800001364a5fbe368e9fe8b705d812b0
faff3671102002a9941060040314f2cb10100c0f9c46e007e301140d2f1837e020040000000520300cc2c6eacc3df3a990c3332d5940200c3ce24663c11adf8ebfd30c8640100c398fe7d9bdc63c75bc871c0380200c3b9d8b4cb7fd5722baebc9818030103f80000037c9a813b4222348b716e75c79
faff3671102002a9951060040314f32f10100c1034dd6007e301140d2f1837e020040000000520300cc2c6ead93df450f8c3332ced40200c3c7a2e60c11a9d48bfd2045e40100c392163cabdc5e80cbc8668f480200cb8f165c4bb40eb7b3a46896c8030103f800001b51a7e93b776eff8367e208b4d
faff3671102002a9961060040314f39310100c10cd73e007e301140d2f1837e020040000000520300cc2c6ea5a3df53373c3332cea40200c3cdb4c7ec11adec7bfd128fc40100c398d1d3abdc63bb8bc85e07080200c3aeb7fdeb976d6213abfd8458030103f8000013716b83ab59df9ad36f58fb24f
faff3671102002a9971060040314f3f710100c11660a6007e301140d2f1837e020040000000520300cc2c6eb0a3df0b7c9c3332cd940200c3cecc6a1c11abaabbfd2ac0540100c3995fc3fbdc60ddabc86d00080200cbb11434739027a1ebb471f178030103f800001b739efb6352702b6b77ee01b8e
faff367c70105e02f5c92a07e301140d2f1837000000050ee32a2403010b00071522e822612f5500013f710000a92a000008d300000818ffffffe50000000afffffffe0000001d000000000000015e00e5519a00020000009a008b0044007000530037003e10100c0ee6b28007e301140d2f18371060040314f254102002a99808
faff3671102002a9991060040314f45b10100c11fea0e007e301140d2f1837e020040000000520300cc2c6eadd3de9df88c3332c9d40200c3cac6249c11aadd5bfd0f22340100c395790b8bdc5fd2cbc85bb2c80200c3a404a4bba212141bba7cf5e8030103f800000367621a7b64e3f0cb7d6cc009e
faff3671102002a99a1060040314f4bf10100c1297376007e301140d2f1837e020040000000520300cc2c6eb513de5afa0c3332c6940200c3cee3e77c11ac63abfd09adb40100c399721a0bdc61c95bc857ee780200cbabc9fddba5df8fcbb3721218030103f800001b6f17077b68e0ffeb76a67d700
faff3692102002a99b1060040314f52310100c132fcde007e301140d2f1837e020040180000520300cc2c6f96e3da38a06c3332aee40200c3c8dc8f7c11accf0bfd1bbe540100c3934af58bdc6256cbc8631d780200cbb90c016bb3dac81baa794818030103f800001b7b947ccb772c853b6d680a35040084266b7c1413e1f0250200442a38dedd0100c3c0ed2bfbcc400743ae3dc4fb3
faff3692102002a99c1060040314f58710100c13c8646007e301140d2f1837e020040180000520300cc2c6f9683da3adfdc3332a6c40200c3c05b3fac11a884bbfd2b0f540100c38ab68aabdc5cd2bbc86d7cb80200c389b7b83bb60f9b4b9ed1d8d8030103f80000134c7047cb78ffbf8b617c0fd5040084266b7c1413e1f0250200442a38deed0100c3c0d1086bcc272bb3ad025fc74
faff3692102002a99d1060040314f5eb10100c1460fae007e301140d2f1837e020040180000520300cc2c6f9e23da3fc6bc3332a5f40200c3cd59078c11ad409bfd2850b40100c3988d0ebbdc62e44bc86b83e80200cbad579f0b9cb20323951c6178030103f800000b7089ff7b6020020358641565040084266b7c1413e1f0250200442a38df0d0100c3c06f86bbcc03dbf3acb513440
faff3692102002a99e1060040314f64f10100c14f9916007e301140d2f1837e020040180000520300cc2c6f9283da1de75c3332a3b40200c3cbd1200c11ab1c4bfd0b10940100c39700cb7bdc6020cbc8594fb80200c3b2040dfba266720bb05bdad8030103f800001374d1fd7b654fee2b72b303a5040084266b7c1413e1f0250200442a3a757d0100c3c0180cebcbe8d423ae8b1ad12
faff3692102002a99f1060040314f6b310100c159227e007e301140d2f1837e020040180000520300cc2c6f8d33d9f8702c33329c340200c3d326946c11ab625bfd3952540100c39e358a4bdc607c8bc876bef80200c3a928771bb39b7eabb239f988030103f80000136bb8ea2b76db837b751701f5040084266b7c1413e1f0250200442a3f388d0100c3bf1dcafbcbc7b753b311f7e13
faff3692102002a9a01060040314f71710100c162abe6007e301140d2f1837e020040180000520300cc2c6f82c3d9ed01dc333296940200c3cd73590c11aa9a5bfd1c0b640100c39897284bdc5f7adbc86425d80200c3b10f849bb133150ba780dd98030103f80000137398fbab73c6814b69ec12f5040084266b7c1413e1f0250200442a3e4fdd0100c3be14fd2bcba06303b1bb9a6fa
faff3692102002a9a11060040314f77b10100c16c354e007e301140d2f1837e020040180000520300cc2c6f8aa3d9d0240c33328cc40200c3ca30086c11ae0e0bfd064f640100c394f109bbdc63eb4bc855bef80200cbadaa6a8bb7f45c8bb10cd638030103f800000b70befc7b7a35fdcb73958cf5040084266b7c1413e1f0250200442a3b953d0100c3bd5edf2bcb8e9453ad3535c9a
faff3692102002a9a21060040314f7df10100c175beb6007e301140d2f1837e020040180000520300cc2c6f7f93d9bd766c333286940200c3ce56e81c11ad4a8bfd2403540100c39925587bdc62eb7bc86943a80200c3b19777abb1f1553bab7bd248030103f80000137446ff9b74ba06ab6eb2f8c5040084266b7c1413e1f0250200442a3b0add0100c3bca5075bcb754d23ab843bcfc
faff3692102002a9a31060040314f84310100c17f481e007e301140d2f1837e020040180000520300cc2c6f85f3d9afc02c333283e40200c3cf8e96cc11adc54bfd2589a40100c399eede0bdc638dcbc869c5780200cbab21fc0ba85ef8fba6ede6f8030103f800001b6e3ffaeb6ab7015b698e0485040084266b7c1413e1f0250200442a396b7d0100c3bbc3954bcb519e23a5c9a86b3
faff3692102002a9a41060040314f8a710100c188d186007e301140d2f1837e020040180000520300cc2c6f80b3d9a39a2c33327e840200c3ca5dfa5c11a8034bfd2f37140100c3953a95fbdc5c2babc87047680200c3a927c18bb0ac509ba845ee28030103f80000136bb801eb731a00ab6a96f375040084266b7c1413e1f0250200442a39bb7d0100c3baf864bbcb2b4fb3a65dd4e41
faff3692102002a9a51060040314f90b10100c1925aee007e301140d2f1837e020040180000520300cc2c6f7c93d9a3d0fc333280c40200c3cd57b7dc11a9244bfd371bb40100c3988a1fabdc5d9ddbc8754d680200c3a694cce3a74d31e392fc9db8030103f80000036954fdf369cb0123561025e5040084266b7c1413e1f0250200442a3aab4d0100c3ba428c8bcaf58193a816f62a4
faff3692102002a9a61060040314f96f10100c19be456007e301140d2f1837e020040180000520300cc2c6f71e3d9824cac33327d840200c3d00852ec11ae2d8bfd2654640100c39a39926bdc640e2bc86abd380200c3b14f366ba8d8d5bbb0139268030103f800001373ea833b6b52fd0b72567de5040084266b7c1413e1f0250200442a3ae43d0100c3b956cacbcacdf843a91a556cf
faff3692102002a9a71060040314f9d310100c1a56dbe007e301140d2f1837e020040180000520300cc2c6f7173d97f803c333276040200c3cd66fe0c11ab283bfd3541c40100c39892b44bdc60335bc87403480200c389b6c10bb4c45c9ba3012c38030103f80000134c6f0bab782bc05b6615fb05040084266b7c1413e1f0250200442a3b8eed0100c3b87a9dfbcaa80933abd23d1d5
faff3692102002a9a81060040314fa3710100c1aef726007e301140d2f1837e020040180000520300cc2c6f66f3d98b216c33326f740200c3d006cdfc11ab45fbfd106fc40100c39a4ad42bdc60568bc85cb8a80200c3b1230cdbb3c6db438bf6f498030103f800001373b1fbcb771304234f509505040084266b7c1413e1f0250200442a3b390d0100c3b763a76bca8c5c93a8eb4bab5
faff3692102002a9a91060040314fa9b10100c1b8808e007e301140d2f1837e020040180000520300cc2c6f6143d956bcfc333266a40200c3cd6d1dfc11aaa2cbfd2e1fb40100c39880e76bdc5f872bc86f97080200c3a9cfb25bb54541dbb5cdfd48030103f80000036c8ef89b787e3e8b78d5c0c5040084266b7c1413e1f0250200442a3a371d0100c3b5ab45fbca6e68739bf2628c2
faff3692102002a9aa1060040314faff10100c1c209f6007e301140d2f1837e020040180000520300cc2c6f5943d96178bc333263e40200c3c3ca2d4c11a97f8bfd2b73d40100c38f25c3cbdc5e118bc86df1e80200c3adf0c17baa3c4e23975b4538030103f800001370ec00fb6d19fd8359d40355040084266b7c1413e1f0250200442a39ba0d0100c3b479d48bca3e2cab9511881f2
faff3692102002a9ab1060040314fb6310100c1cb935e007e301140d2f1837e020040180000520300cc2c6f55b3d96e0c3c333262440200c3cc33d66c11ae8f1bfd166b540100c397a9916bdc648d2bc8605c080200c3a3cdde9ba51dcde3a0ef7fc8030103f8000013671bfe2b6864feb3636fffc5040084266b7c1413e1f0250200442a3842ad0100c3b316196bca1bdd8baac8807c5
faff3692102002a9ac1060040314fbc710100c1d51cc6007e301140d2f1837e020040180000520300cc2c6f5173d9556e2c33325e240200c3ce7fa52c11ad227bfd24f1e40100c3993d6e6bdc62ba3bc869af180200c3a7711cabac73805bac3a7908030103f800001369e1fdeb6ff0006b6fa70155040084266b7c1413e1f0250200442a3879ed0100c3b172e6dbca01b6bba992216de
faff3692102002a9ad1060040314fc2b10100c1dea62e007e301140d2f1837e020040180004520300cc2c6f5693d932329c333259240200c3cbc85bdc11abb12bfd21bd640100c396f625cbdc60e43bc86760080200cba8ea06dbae933d7bb102a528030103f800000b6b68fe5b7153fe4b73888165040084266b7c1413e1f0250200442a391fdd0100c3afd2c03bc9de4aeba1707a247
faff3692102002a9ae1060040314fc8f10100c1e82f96007e301140d2f1837e020040180004520300cc2c6f5bb3d90738ac33324fa40200c3cfd6907c11aa620bfd124d440100c39a0f44abdc5f376bc85d7d980200cba91ccc5bb6d0fb2bb46eccb8030103f800001b6ba9fb5b797b820b77e9fbb5040084266b7c1413e1f0250200442a38ef8d0100c3ac8ebdbbc9c1f25ba6f3067b9
faff3692102002a9af1060040314fcf310100c1f1b8fe007e301140d2f1837e020040180004520300cc2c6f5713d8fbec8c33324c540200c3cd5c7fac11a9e69bfd24fde40100c3988834cbdc5e966bc869b8480200c3a82075fbaa923faba5867ec8030103f80000136a66fd4b6d87ff9b68a7ff35040084266b7c1413e1f0250200442a385ebd0100c3a96b7c1bc99fc2dbadf411dc1
faff3692102002a9b01060040314fd5710100c1fb4266007e301140d2f1837e020040180004520300cc2c6f5b23d8c53bdc333242540200c3ca7808bc11ac5debfd282ac40100c39534af1bdc61c12bc86b83480200cba6a4601bb73a0fabb725b938030103f800001b695ef5cb79bec24b79b1be25040084266b7c1413e1f0250200442a38366d0100c3a4b7c45bc97d1cdbb01ae13bf
faff3692102002a9b11060040314fdbb10100c204cbce007e301140d2f1837e020040180004520300cc2c6f6923d8bbb8fc33323ff40200c3d1ed476c11abf28bfd2bdac40100c39cb0b16bdc613a9bc86d9ae80200cbb45183eba705566ba2ecdc38030103f800000b77c47ffb699d040b65fbfb25040084266b7c1413e1f0250200442a37bdbd0100c39bcce71bc952365bb2decb82e
faff367c70105e02f5ca2407e301140d2f1837000000051dc9dd9703010b00071522ee22612f5200013f610000a91a000008d60000081dffffffe7000000150000000000000021000000000000018600e552be00020000009a008b0044007000530037003e10100c1dcd650007e301140d2f18371060040314fc18102002a9b293
faff3692102002a9b31060040314fe1f10100c20e5536007e301140d2f1837e020040180004520300cc2c6f6dc3d8b1289c33323f240200c3cea13b2c11ad57abfd1fc3440100c3995735abdc6300ebc86620480200cba7c8adeb979ff4bba43e5808030103f800001b6a1a08fb59fff8cb67abf5c5040084266b7c1413e1f0250200442a379b8d0100cb90d96bdbc9364bdbb3d9f447c
faff3692102002a9b41060040314fe8310100c217de9e007e301140d2f1837e020040180004520300cc2c6f6c23d8a14a3c333239940200c3d052603c11ae5b3bfd2582740100c39a9ff88bdc644b6bc869f6f80200c39a28057bb118e84baa0efe48030103f80000135d0006eb73a5007b6cdffde5040084266b7c1413e1f0250200442a37355d0100cba0e71f1bc915e88bb62375d88
faff3692102002a9b51060040314fee710100c2216806007e301140d2f1837e020040180004520300cc2c7084abe22a220c3331c1040200c3d050ebbc11b0824bfd08a7040100c39a86112bdc670d8bc8576d880200cb96f7806bb069e2bbb8818b68030103f800001b5994292b72c4f92b7ae341e5040084266b7c1413e1f0250200442a373a7d0100c3b40debbbc986adbbb430f26f3
faff3692102002a9b61060040314ff4b10100c22af16e007e301140d2f1837e020040180004520300cc2c70867be22c706c3331bc440200c3cb52d0bc11ac1e6bfd1b71040100c3967a7f4bdc616f1bc8636f480200cb9c41745bb003911ba1744fe8030103f800000b5faff0fb7242014b6419ffd5040084266b7c1413e1f0350200442a37513d0100c3c6d8fffbcb0043cbaee7bf51f
faff3692102002a9b71060040314ffaf10100c2347ad6007e301140d2f1837e020040180004520300cc2c707b8be233111c3331b6140200c3d1d55b9c11add85bfd243c540100c39c9072abdc63a10bc86967880200c3b1851bbbb242f28ba94e0d78030103f8000013742f7fbb75227e0b6be90705040084266b7c1413e1f0350200442a376bbd0100c3c6cc04abcae9884bae2c9bd0a
faff3692102002a9b81060040315001310100c23e043e007e301140d2f1837e020040180004520300cc2c70806be243fb2c3331ae340200c3c980774c11a9a5dbfd1d67e40100c3940c09ebdc5e464bc8649b980200cba8814d9bb45e6c4bb18e7888030103f800001b6ae2f2ab77d5059b743b7ba5040084266b7c1413e1f0350200442a377d9d0100c3c6d4d18bcad1726bae49f9437
faff3692102002a9b91060040315007710100c2478da6007e301140d2f1837e020040180004520300cc2c707ccbe24fefec3331ab540200c3cfd5cd1c11af635bfd1d6d340100c39a18664bdc659ccbc864db280200c3a55ac00ba805e63bab7983a8030103f8000013688bffeb6a44fdab6eb004a5040084266b7c1413e1f0350200442a37a11d0100c3c6d709abcac1070bad3d633ef
faff3692102002a9ba106004031500db10100c251170e007e301140d2f1837e020040180004520300cc2c707fdbe26eb4ac3331a0e40200c3cb952b3c11ad8abbfd0369640100c3969d7b9bdc6341ebc85405880200cba274947bb7b387fbb81f4c28030103f800000b6562057b7a0c7feb7a658025040084266b7c1413e1f0350200442a380c0d0100c3c6d10f7bcab288dba8d453085
faff3692102002a9bb1060040315013f10100c25aa076007e301140d2f1837e020040180004520300cc2c70840be274d88c333198840200c3cdc5a76c11b04b5bfd08f2240100c398cc2f0bdc66c7fbc8578b080200cba50cb84bb605751ba8fbf3c8030103f800001b685a0f9b78f940ab6b7ff085040084266b7c1413e1f0350200442a38522d0100c3c6e5e45bcaa5becba27779ae7
faff3692102002a9bc106004031501a310100c26429de007e301140d2f1837e020040180004520300cc2c70762be27cefdc33318cf40200c3cb6ad6cc11abef9bfd1767040100c3968f2e1bdc612eabc86145280200c3b414901bb9abfb6bada44428030103f800001377767aeb7c6141db70bb0d05040084266b7c1413e1f0350200442a3924bd0100c3c6e39c5bca9a52e3a0caf944f
faff3692102002a9bd1060040315020710100c26db346007e301140d2f1837e020040180004520300cc2c7075cbe295376c333186940200c3cacb4b7c11ae58cbfd184bb40100c395a7894bdc64488bc8617ae80200c38b8602dbb147cb6bb407adb8030103f80000134ec0038b73e1044b7765fcf5040084266b7c1413e1f0350200442a393f1d0100c3c6ffd81bca825353a31c874b7
faff3692102002a9be1060040315026b10100c2773cae007e301140d2f1837e020040180004520300cc2c7073fbe2b23cbc333184240200c3ca43457c11ae4a8bfd2cbdb40100c394f004cbdc6435ebc86e9ae80200c39d1c6b3ba03a3b3bb52effa8030103f800000360641b9b6287f9cb786fffc5040084266b7c1413e1f0350200442a398e2d0100c3c71161bbca6ba813a9e8426bc
faff3692102002a9bf106004031502cf10100c280c616007e301140d2f1837e020040180004520300cc2c70805be2c878ec333181440200c3cca1338c11ae41dbfd2ea5b40100c39801c34bdc642f0bc86f6f380200cbb2f63edba58363abb26749b8030103f800001b7607fe9b68a6024b75510245040084266b7c1413e1f0350200442a398c0d0100c3c728864bca4743a3a9b5a26b8
faff3692102002a9c01060040315033310100c28a4f7e007e301140d2f1837e020040180004520300cc2c70773be2d1ffbc33317cf40200c3d0605d5c11abdcbbfd2a8cf40100c39ab078ebdc6117cbc86d68080200c3b038490bad7b941baab0b5d8030103f800001372857c2b70a1029b6daefd25040084266b7c1413e1f0350200442a39858d0100c3c721488bca2bceb3a94330b86
faff3692102002a9c11060040315039710100c293d8e6007e301140d2f1837e020040180004520300cc2c7064cbe2e09bac33317a540200c3cec5fb6c11adf6fbfd21aa740100c39966eb0bdc63c61bc867f4a80200c3b7d075fba5c9a84baed72af8030103f80000137a1f03cb68d2fb0b717f77a5040084266b7c1413e1f0350200442a396aed0100c3c7217fabca0ff463a6487c59c
faff3692102002a9c2106004031503fb10100c29d624e007e301140d2f1837e020040180004520300cc2c705e9be2daf94c333173240200c3ccf6352c11ab1d5bfd19f3f40100c39850a29bdc6023abc862b3080200c3ab02c51bb4aede938bc447c8030103f80000036e18065b781dff034f0fb805040084266b7c1413e1f0350200442a391acd0100c3c7153aabc9f7376396d5c809d
faff3692102002a9c31060040315045f10100c2a6ebb6007e301140d2f1837e020040180004520300cc2c70559be2cf598c333169d40200c3cbcf426c11aa5a9bfd1f52740100c39730b46bdc5f29cbc86633280200c3af31ce4bb87baf539f38bce8030103f800001371b979bb7adbc1a361bde985040084266b7c1413e1f0350200442a39027d0100c3c730b24bc9dc61cb8f105de35
faff3692102002a9c4106004031504c310100c2b0751e007e301140d2f1837e020040180004520300cc2c705b8be2dd7d1c333167d40200c3d0719d5c11ab265bfd2122040100c39ac27dabdc6032dbc866f6680200cbaa7eb8dba13da1cbad48c568030103f800001b6d6f010b63d4023b70807e65040084266b7c1413e1f0350200442a38b98d0100c3c722833bc9be6a8ba5df7b80c
faff3692102002a9c51060040315052710100c2b9fe86007e301140d2f1837e020040180004520300cc2c705b3be2eea51c333163d40200c3d070f32c11a6cfebfd0fcee40100c39abe370bdc5aa3bbc85c0aa80200c381f67b1bab75924bb0f688f8030103f800001344c09d6b6eaaf8ab73790135040084266b7c1413e1f0350200442a38a34d0100c3c71f5c0bc9a7cb3baa6627066
faff3692102002a9c61060040315058b10100c2c387ee007e301140d2f1837e020040180004520300cc2c705aebe2fe498c33315fb40200c3d0ba3aac11abc45bfd2a95740100c39b1e232bdc60fb2bc86d2e880200c388efa05babf4f17bafd83fe8030103f80000034b70295b6f4e01ab7223ffe5040084266b7c1413e1f0350200442a38607d0100c3c71a12bbc98bac5bb07b86097
faff3692102002a9c7106004031505ef10100c2cd1156007e301140d2f1837e020040180004520300cc2c705a8be2f8ca1c33315d440200c3d121237c11aeda1bfd374f640100c39bb558ebdc64edebc87556a80200c39298715ba91fed23a09b2198030103f8000013558fed1b6badfc43630401f5040084266b7c1413e1f0350200442a38777d0100c3c706750bc965e45baefe1da6e
faff3692102002a9c81060040315065310100c2d69abe007e301140d2f1837e020040180004520300cc2c7061dbe3060bcc333152240200c3c9a5aaac11af249bfd31b8840100c394421aebdc654fabc8718b680200cbac9ffadbb915970bb0e8d9e8030103f800001b7014778b7ba0c17b73677d65040084266b7c1413e1f0350200442a38bcad0100c3c710ce0bc94109aba86802c9b
faff3692102002a9c9106004031506b710100c2e02426007e301140d2f1837e020040180004520300cc2c70715be3121e1c33314c740200c3ce7334cc11ae809bfd2c78f40100c39933fecbdc64804bc86df4380200cbb5cc6a5bb0e1d6abae9e32f8030103f800001b78d4beeb735e836b715b01e5040084266b7c1413e1f0350200442a38a80d0100c3c71eee3bc92264cba9dbd75ad
faff3692102002a9ca1060040315071b10100c2e9ad8e007e301140d2f1837e020040180004520300cc2c70607be31ddccc333141c40200c3c86eb9bc11acc18bfd0395f40100c392b69e0bdc623a6bc854ad280200c3b6ef6afbb8d5b8fbb0284cc8030103f8000003798efcbb7b4f012b72710615040084266b7c1413e1f0350200442a386a3d0100c3c7317b6bc91879bbafcc6625d
faff3692102002a9cb1060040315077f10100c2f336f6007e301140d2f1837e020040180004520300cc2c70652be3265c4c333140a40200c3cd871f6c11aebcdbfd1371b40100c3989ff94bdc64ca4bc85e3ae80200cba8a7a04b9a793bdba8f048c8030103f800001b6b14005b5d67fa8b6b7100e5040084266b7c1413e1f0350200442a38570d0100c3c745046bc90c0d0bb0d765c65
faff367c70105e02f5cb1e07e301140d2f1837000000052cb0910903010c00071522f822612f4e00013f460000a8ff000008d80000082100000003000000170000000200000017000000000000014300e553b000020000009800880043006f004f0035003a10100c2cb4178007e301140d2f1837106004031505dc102002a9ccde
faff3692102002a9cd106004031507e310100c2fcc05e007e301140d2f1837e020040180004520300cc2c70578be332099c33313bf40200c3c6d642ec11ae0ffbfcfba3440100c3916a68dbdc63e77bc84f7f380200c3b3eb29ebae70209bacc012f8030103f800001377417d2b713d857b702901d5040084266b7c1413e1f0350200442a381ddd0100c3c75f7a6bc8ff65fbb3b69fb3c
faff3692102002a9ce1060040315084710100c30649c6007e301140d2f1837e020040180004520300cc2c70589be3359b7c333134440200c3cf18d88c11af85abfce9bb640100c399a6739bdc65ca2bc843a3280200cb9793700bb4ee8edba6c53348030103f800001b59f7f5cb7846c1cb6973f7e5040084266b7c1413e1f0350200442a381f7d0100c3c770084bc904d14bb3900eb3a
faff3692102002a9cf106004031508ab10100c30fd32e007e301140d2f1837e020040180004520300cc2c6c5eebe7f6fa2c33310d540200c3c9d42e0c11abf82bfd1ef0b40100c39481dcabdc613b6bc865eee80200c3adafe6bbaabe053bab565768030103f800000370c27f3b6dc006ab6e82ff35040084266b7c1413e1f0350200442a38239d0100c3c895e63bc68fb5cbb34350401
faff3692102002a9d01060040315090f10100c3195c96007e301140d2f1837e020040180004520300cc2c6c554be80b758c333109240200c3cc60d99c11aac45bfd429d840100c397a0d12bdc5fb0dbc87cd1880200c3b092ea9baa072d0bb6d41978030103f800001372f97e1b6cd5fc2b797d80e5040084266b7c1413e1f0350200442a38334d0100c3cb27383bb75f8f3bb20fac9ba
faff3692102002a9d11060040315097310100c322e5fe007e301140d2f1837e020040180004520300cc2c6c441be8141f8c333101240200c3d052f32c11afb36bfd211b740100c39a98847bdc65ff7bc86792d80200c3b70ac80bb47700fbb1b91418030103f800001379a07feb77f47bfb74720505040084266b7c1413e1f0350200442a386e4d0100c3cb3498abb558d37bb0001c6df
faff3692102002a9d2106004031509d710100c32c6f66007e301140d2f1837e020040180004520300cc2c6c3fcbe810ca8c3330f8440200c3d25201ec11af774bfd3589d40100c39d3b8d4bdc65b62bc8744b880200c3a67d597bb7bd4c0386d7a518030103f80000136945fbcb7a12c003497fc5c5040084266b7c1413e1f0350200442a385dad0100c3cb3ec9cbb39402cbb0533f130
faff3692102002a9d310600403150a3b10100c335f8ce007e301140d2f1837e020040180004520300cc2c6c3c9be8106adc3330f2040200c3cb34185c11ac4ebbfd2b6bd40100c39658ae8bdc61ab6bc86dcce80200c3a3d745fbb2cc745b9ba23e28030103f80000036728079b75d2806b5ee426b5040084266b7c1413e1f0350200442a382c0d0100c3cb4f44cbb16bf54bb23338ab9
faff3692102002a9d410600403150a9f10100c33f8236007e301140d2f1837e020040180004520300cc2c6c450be80cbb6c3330ef040200c3d0cbf62c11ad5a0bfd2f58940100c39b494dbbdc6304fbc86fffb80200cbae5a396bab58ad13a1d855c8030103f800001b712f80fb6e85fc03649a0765040084266b7c1413e1f0350200442a383e3d0100c3cb5efaebaee6357bb17f077fc
faff3692102002a9d510600403150b0310100c3490b9e007e301140d2f1837e020040180004520300cc2c6c499be817285c3330e8040200c3ceda642c11ae641bfd38b2040100c3996f5d2bdc6458abc87614a80200cba7fa960bb2b1831bb2fce1f8030103f800001b6a39f9ab75b003db76107d55040084266b7c1413e1f0350200442a38755d0100c3cb6ef25baabd062badf932e6f
faff3692102002a9d610600403150b6710100c3529506007e301140d2f1837e020040180004520300cc2c6c4f4be813283c3330e3f40200c3c88d2f5c11a8f89bfd17e0440100c392ff41ebdc5d68ebc86109e80200cbaa78782baedbe813a0358f08030103f800001b6d67004b718280036281fec5040084266b7c1413e1f0350200442a3854dd0100c3cb8ad0fba601a78bb11b6a42e
faff3692102002a9d710600403150bcb10100c35c1e6e007e301140d2f1837e020040180004520300cc2c6c3ebbe8152e3c3330dfc40200c3d13d4cac11af245bfcfc81240100c39bd0113bdc65487bc85021580200c3b677211badf6fb5ba3c60888030103f80000037942009b70effceb6711f665040084266b7c1413e1f0350200442a37f38d0100c3cb9d914ba18cc9dbb5ba3228a
faff3692102002a9d810600403150c2f10100c365a7d6007e301140d2f1837e020040180004520300cc2c6c34cbe81720dc3330da840200c3c928f88c11aed73bfd2b1a240100c393b26d2bdc64e7abc86dc4a80200c3b07ca58bb0bde41ba5242cc8030103f800001372dcfcfb7330800b68691265040084266b7c1413e1f0350200442a37e52d0100c3cbb166db95a4f79bb5ef490b5
faff3692102002a9d910600403150c9310100c36f313e007e301140d2f1837e020040180004520300cc2c6c2c6be81997ec3330d3440200c3c6cc246c11ae122bfd2509040100c3916ffb8bdc63ebcbc869da680200c3aee9379bb40d89cba857eca8030103f8000013718b04cb776d7d3b6aadfbc5040084266b7c1413e1f0350200442a37ba7d0100c3cbd4c8739751088bb7eaa349a
faff3692102002a9da10600403150cf710100c378baa6007e301140d2f1837e020040180004520300cc2c6c287be811a2ac3330cd740200c3cb49ef5c11a99f7bfd20f7d40100c3968fcd2bdc5e3b8bc86722080200c3a6c2323bb33138a3aab181f8030103f800001369720bab76537ba36db00265040084266b7c1413e1f0350200442a37cbfd0100c3cbf45963a29ab94bb7714ecc0
faff3692102002a9db10600403150d5b10100c382440e007e301140d2f1837e020040180004520300cc2c6c1e5be8138dcc3330cba40200c3c71c1d8c11ab999bfd1563640100c391a4eb4bdc60c19bc85fe1680200c3b0ca643ba3ad09fba0b73528030103f80000037340803b66f1f84b6327f235040084266b7c1413e1f0350200442a38011d0100c3cc17e0a3a8f6e30bb5568bcf2
faff3692102002a9dc10600403150dbf10100c38bcd76007e301140d2f1837e020040180004520300cc2c6c270be822defc3330c6240200c3cd9ed15c11abca2bfd2da7940100c3989c90bbdc61057bc86ee5d80200cbaf8bb2dbae86b9ebb6de40f8030103f800001b71f301bb714bfc0b79840085040084266b7c1413e1f0350200442a37f35d0100c3cc2e4b43acd684bbb63631cd3
faff3692102002a9dd10600403150e2310100c39556de007e301140d2f1837e020040180004520300cc2c6c1a5be825418c3330b7d40200c3d0a2564c11ad8ffbfd1ab3240100c39b093f5bdc6343ebc8635a080200c3b32f423bbc2d950bac43f328030103f80000137650f88b7f96817b6fb322d5040084266b7c1413e1f0350200442a37ca8d0100c3cc444583b026685bb84dd71f7
faff3692102002a9de10600403150e8710100c39ee046007e301140d2f1837e020040180004520300cc2c6c1cdbe82bcf4c3330b4840200c3cd7d4cac11aa7a5bfd2e65d40100c39896fcebdc5f558bc86f8f080200cb9e57f35ba971272bacd916b8030103f800001b612e0c6b6c15f4ab70390445040084266b7c1413e1f0350200442a37dafd0100c3cc4dd883b1edf89bb803da340
faff3692102002a9df10600403150eeb10100c3a869ae007e301140d2f1837e020040180004520300cc2c6c2aebe84267ac3330b4a40200c3cc94c10c11ab1bdbfd1bc4340100c397cb5d5bdc6027ebc8634f880200cbb449a963a58682abb9b68938030103f800000b77ba729368a801cb7c6ec425040084266b7c1413e1f0350200442a380d1d0100c3cc683463b3e16b1bb57d95af7
faff3692102002a9e010600403150f4f10100c3b1f316007e301140d2f1837e020040180004520300cc2c6c1f4be83f7d7c3330b2840200c3ceb8ce3c11ad6fcbfd125fb40100c39971d19bdc631acbc85e04880200c3b2f18fbba8239563a0ec6338030103f80000137601ff9b6a6afca3636c0405040084266b7c1413e1f0350200442a38301d0100c3cc810853b56e474bb3c133348
faff3692102002a9e110600403150fb310100c001cfde007e301140d2f1937e020040180004520300cc2c6c1c8be8447fcc3330b3440200c3c8ae8ccc11abfdabfd1135240100c3930b480bdc6143ebc85d01f80200c3a1a96f03a043a39ba82dc1b8030103f8000013645dfec36294049b6a780235040084266b7c1413e1f0350200442a3899cd0100c3cc9d3743b6f5822bab3505cdd
faff3692102002a9e21060040315101710100c00b5946007e301140d2f1937e020040180004520300cc2c6c1c3be8473d0c3330a9d40200c3c93be2bc11aaaecbfd1c6a540100c393c7f58bdc5f980bc8641bd80200c37f6fffebb7ed56bbaa5b93e8030103f800001341e147ab7a317f2b6d420515040084266b7c1413e1f0350200442a388c0d0100c3ccc19563b844c04bada97baee
faff3692102002a9e31060040315107b10100c014e2ae007e301140d2f1937e020040180004520300cc2c6c0bbbe850dd9c3330a1040200c3cc84301c11ad96abfd11b3a40100c397e3cf7bdc634b6bc85db1280200c3b6558f0bb5d75acbb2ccd098030103f8000003792c847b78dbbf4b75d2f685040084266b7c1413e1f0350200442a38630d0100c3cce054b3b8fc84abb1d8253a4
faff3692102002a9e4106004031510df10100c01e6c16007e301140d2f1937e020040180004520300cc2c6c0a9be85d79cc33309c140200c3c92cd9fc11a9cf3bfd3475f40100c39390146bdc5e7a2bc87377780200cb9661300bad38641bb4dd5b08030103f800001b5933f5db7076028b783bbf65040084266b7c1413e1f0350200442a381e6d0100c3ccfabf33b9f655bbb6b5150f7
faff3692102002a9e51060040315114310100c027f57e007e301140d2f1937e020040180004520300cc2c6c076be861884c33309a040200c3c3b9725c11abddebfd0ee3240100c38ee584cbdc611b2bc85b88680200c3a2fc7dbba404912ba82a9e48030103f8000013660ffd0b6762017b6a73fde5040084266b7c1413e1f0350200442a3750bd0100c3cd25ca73baced66bbe6fbacd0
faff367c70105e02f5cc1807e301140d2f193700000005fffc7a7d03010c000715230122612f4900013f290000a8e2000008d900000825ffffffe5ffffffea000000000000002300000000000000db00e5545400020000009800880043006f004f0035003a10100c0000000007e301140d2f193710600403150fa0102002a9e62f
faff3692102002a9e7106004031511a710100c0317ee6007e301140d2f1937e020040180004520300cc2c6c087be862101c33308ff40200c3d24ff19c11aa671bfced22940100c39d32142bdc5f3cabc845cf580200cb98dc880bb89c4bdba5a2a728030103f800001b5b57b86b7b057fab68ba0485040084266b7c1413e1f0350200442a37454d0100c3cd3778b3bb80c15bbf24ab411
faff3692102002a9e81060040315120b10100c03b084e007e301140d2f1937e020040180004520300cc2c6c088be86a491c33308b640200c3c6d227bc11a8d1dbfd19bf140100c3915f9a4bdc5d358bc86265780200cb70f9b77bad65ac1bb060ed68030103f800000b337d13bb7092fd6b72b981e5040084266b7c1413e1f0350200442a37241d0100c3cd5270a3bc0c949bc05114a74
faff3692102002a9e91060040315126f10100c04491b6007e301140d2f1937e020040180004520300cc2c728a73dd4b3d6c333142040200c3d0089a2c11ac023bfd1c4d340100c39a3f1babdc61484bc8643d980200c3ad709ecba29561fbaa548be8030103f80000137099ff3b658c026b6d390505040084266b7c1413e1f0350200442a37258d0100c3c86511db86b8500bbef5a76ba
