faff3630102002ab1610600403159b541070040000143610100c225b2a8007e301140d2f1c37e020040180000530100400018c0d16
faff3646102002ab1710600403159b861070040000143610100c22a775c007e301140d2f1c37e020040180000508100442134000c0200c3d85d1ec3e44671a3e1aa06930100400018c1073
faff3688102002ab1810600403159bea1070040000143610100c23400c4007e301140d2f1c37e0200400000005202024bf7ffcae3c2262113adf1750b786f2003e2bb3b0bf7c6020bc24c28cbf7c5cdcbe2bb17040300c3b38ce9ebc30fd11bc6e6d002010103b7c2094bb542cd0bf439afe3f25251a08100442134000c0200c3daaa4903e41ed4e3e202dcf54
faff368f102002ab1910600403159c4e1070040000143610100c23d8a2c007e301140d2f1c37e0200400000005202024bf7ffcb23c21dba03ae2213cb838b1003e2bbb06bf7c5fd1bc244e52bf7c5c93be2bb8b640300cb9755912bafcc17c3b5d54002010103b7c06f4bb52e2cebf439b983f25246608100442134000c0200c3d85550d3e3fc0193e1a877530100400018c10f9
faff3688102002ab1a10600403159cb21070040000143610100c2471394007e301140d2f1c37e0200400000005202024bf7ffcb93c21342a3ae4453cb88cbfc03e2bb3b0bf7c6021bc23b4b6bf7c5ce9be2bb15040300cbc1c75b23b7c1bfe3c6e8d002010103b7b9856bb518996bf439aff3f25251e08100442134000c0200c3d9358993e470b863e23873fb6
faff368f102002ab1b10600403159d161070040000143610100c2509cfc007e301140d2f1c37e0200400000005202024bf7ffcbd3c20b5523ae6c034b8bedac03e2baf6cbf7c604fbc2344f6bf7c5d1dbe2bad0440300cbce53de7bb225422bbb2f6002010103b7b6e68bb5060cbbf439aa63f25258908100442134000c0200c3d8de1383e3dac4f3e21133130100400018c1038
faff3688102002ab1c10600403159d7a1070040000143610100c25a2664007e301140d2f1c37e0200400000005202024bf7ffcc13c2045093ae85608b8e219803e2ba530bf7c60bfbc22dec2bf7c5d91be2ba2c040300cbc96ba2abbfb8a2dbba494002010103b7b2c1cbb4f7279bf4399d03f25268808100442134000c0200c3d9797cb3e44c9383e25bcee3e
faff368f102002ab1d10600403159dde1070040000143610100c263afcc007e301140d2f1c37e0200400000005202024bf7ffcc23c202f1e3aec3538b91063203e2ba828bf7c609fbc22ddedbf7c5d71be2ba5a040300cbbfb9bc4bb968e51bc4179002010103b7bccdfbb4eb17bbf439a0d3f25264008100442134000c0200c3d85dfb13e46d7ec3e1cc0c730100400018c16d6
faff3688102002ab1e10600403159e421070040000143610100c26d3934007e301140d2f1c37e0200400000005202024bf7ffcc93c1f93623aeee65cb92c58203e2ba33cbf7c60d5bc2252d2bf7c5dafbe2ba0ac40300cbc97c113bc3bbf723bd83a002010103b7b8811bb4d53b6bf4399a73f2526bc08100442134000c0200c3d93f85d3e4924653e1f6bee03
faff368f102002ab1f10600403159ea61070040000143610100c276c29c007e301140d2f1c37e0200400000005202024bf7ffcca3c1f60343aefc700b935e0203e2b97a0bf7c6153bc222509bf7c5e2fbe2b950840300cbc2a6f4cbc57ecc5b978c0002010103b7b721ebb4cdfd3bf4398b43f2527dc08100442134000c0200c3d985a763e4453f43e1d6d5830100400018c1073
faff3688102002ab2010600403159f0a1070040000143610100c2804c04007e301140d2f1c37e0200400000005202024bf7ffcd03c1ee5da3af09670b9416ee03e2b969ebf7c6160bc21b0c3bf7c5e40be2b940640300cbc84b47bba4da966bc16e0002010103b7afbf9bb4c0345bf4398a03f2527f708100442134000c0200c3d977c423e3fe7953e217c3036
faff368f102002ab2110600403159f6e1070040000143610100c289d56c007e301140d2f1c37e0200400000005202024bf7ffcd43c1e909c3aef69fcb93bedc03e2b9216bf7c6192bc21566abf7c5e76be2b8f7e40300c3bf5b95dbc1c54e6bc53f5002010103b7a550bbb4bb0e6bf4398423f25286808100442134000c0200c3d89e0743e42421d3e1ee9fc30100400018c0de3
faff3688102002ab2210600403159fd21070040000143610100c2935ed4007e301140d2f1c37e0200400000005202024bf7ffcd43c1e976a3af22dd0b951b7c03e2b8b6abf7c61dbbc216bedbf7c5ebfbe2b88ca40300cbb125a0ebc253cfcbbc814002010103b7ae5b3bb4b484dbf4397b63f25290e08100442134000c0200c3d8ebf6c3e4218ae3e1d045a12
faff368f102002ab231060040315a0361070040000143610100c29ce83c007e301140d2f1c37e0200400000005202024bf7ffcd43c1e00843af374a0b9625c603e2b8506bf7c621bbc20ddfcbf7c5f05be2b825e40300cbc5a8e6cbb010c433bf98a002010103b7a6210bb4a2c37bf43972f3f2529ac08100442134000c0200c3d8562d23e4230ea3e1ca7d430100400018c13d3
faff3688102002ab241060040315a09a1070040000143610100c2a671a4007e301140d2f1c37e0200400000005202024bf7ffcd63c1da9943af8fba4b988cc603e2b8516bf7c621abc20a5e6bf7c5f06be2b824e40300cbc59aaf5bb273553bb6f1c002010103b7b002abb48c320bf43972f3f2529ac08100442134000c0200c3d97eb5b3e421dc43e1f74c4a9
faff368f102002ab251060040315a0fe1070040000143610100c2affb0c007e301140d2f1c37e0200400000005202024bf7ffce03c1d2f143af61980b97fd3003e2b8920bf7c61f3bc201db1bf7c5ee5be2b866840300cbcd039c93b3d452dbbca5a002010103b79d4afbb487f7cbf4397873f25294a08100442134000c0200c3d925eda3e3dbd833e23555930100400018c0dcd
faff3688102002ab261060040315a1621070040000143610100c2b98474007e301140d2f1c37e0200400000005202024bf7ffce63c1cbd2c3afac4a8b994be503e2b875ebf7c6207bc1fc66abf7c5efdbe2b848e40300cbc844abcbbfbe3cabc08c3002010103b7a262bbb47106dbf4397623f25297808100442134000c0200c3d974b973e4004e63e23901556
faff368f102002ab271060040315a1c61070040000143610100c2c30ddc007e301140d2f1c37e0200400000005202024bf7ffcec3c1bce913afa052cb996cde03e2b86a0bf7c620dbc1ed72abf7c5f0dbe2b83d840300cbc95cd69bbfeeaa2bc0428002010103b78cdc5bb45c29abf4397543f25298b08100442134000c0200c3d9cca543e41f4563e1d8f2230100400018c10bb
faff3688102002ab281060040315a22a1070040000143610100c2cc9744007e301140d2f1c37e0200400000005202024bf7ffcec3c1bc8ee3afa497cb997f6103e2b8750bf7c6205bc1ed30cbf7c5f05be2b848840300cbbad7165bb1ea4d6bc6918002010103b78d37bbb45af0fbf4397623f25297a08100442134000c0200c3d9bc93a3e40161a3e25d23db4
faff368f102002ab291060040315a28e1070040000143610100c2d620ac007e301140d2f1c37e0200400000005202024bf7ffcf03c1b5a823b0013c5b9b153203e2b8bcabf7c61d5bc1e85a8bf7c5ed9be2b88e240300cbc87f04ebbb1f3a4b9f980002010103b796379bb441497bf4397bf3f25290d08100442134000c0200c3d8acc6e3e491f4f3e1cfb8430100400018c16f3
faff3688102002ab2a1060040315a2f21070040000143610100c2dfaa14007e301140d2f1c37e0200400000005202024bf7ffcf43c1ab33a3b022f3ab9c576903e2b8b02bf7c61ddbc1df752bf7c5ee7be2b880a40300cbbf8787abc75c6cabc1680002010103b7959c7bb4266d6bf4397af3f25292208100442134000c0200c3d81544a3e4455e63e185e41d5
faff368f102002ab2b1060040315a3561070040000143610100c2e9337c007e301140d2f1c37e0200400000005202024bf7ffcf23c1a6ba23b036651b9d083703e2b8cb8bf7c61c5bc1dbdc9bf7c5ed3be2b89b040300cbc429d8c3aa48681373000002010103b797418bb41954dbf4397d13f2528f708100442134000c0200c3d94a5e73e4dae163e1d70fc30100400018c13d9
faff3688102002ab2c1060040315a3ba1070040000143610100c2f2bce4007e301140d2f1c37e0200400000005202024bf7ffcf73c1a0c183b0556c3b9e1e2403e2b88f0bf7c61f0bc1d745cbf7c5f02be2b85d840300cbc4a0e2bbb8fc4bcba2e00002010103b79b6d4bb4062aebf4397823f25295708100442134000c0200c3d8f0ba03e46dd013e1f313211
faff368f102002ab2d1060040315a41e1070040000143610100c2fc464c007e301140d2f1c37e0200400000005202024bf7ffcfb3c1983c63b0700a9b9f1d3b03e2b8aa8bf7c61debc1cffd0bf7c5ef4be2b878040300cbc12b688bc3c93543c2f23002010103b79a977bb3f092ebf4397a63f25292e08100442134000c0200c3d8efddc3e446c2f3e1d10d330100400018c1300
faff369d70207802f5dabe1c0000000005161400081d1f000a0b1c000b0011000d1c1e000f151400111114001200110014161c00181c1f001c0a13001e161c01780001017c0001017e00010503121405040021050500210601161406060c1c0607271f06081f1f0609241f060a241f061000210611201f061200110618001010100c2cb4178007e301140d2f1c37107004000014361060040315a21c102002ab2ee5
faff368370105e02f5dabe07e301140d2f1c37000000052cb0a03503010c000715239122612f0600013ccb0000a684000008f300000862fffffff0000000070000000900000011000000000000016900e562cc00020000009800880043006f004f0035003a10100c2cb4178007e301140d2f1c37107004000014361060040315a21c102002ab2ff6
faff3688102002ab301060040315a4821070040000143710100c305cfb4007e301140d2f1c37e0200400000005202024bf7ffcfb3c19780a3b08dd1fba0055d03e2b8ed8bf7c61b0bc1d083bbf7c5ec8be2b8ba040300cbc0bcb42bb118c38bc3be6002010103b7a4ff4bb3e5e11bf4397fd3f2528c708100442134000c0200c3d8fe9d63e4b49613e1b225b7a
faff369e102002ab311060040315a4e61070040000143710100c30f591c007e301140d2f1c37e0200401800005202024bf7ffcf03c1864b83b283e53ba7e25b83e2be32abf7c5e12bc1d4a96bf7c5b3abe2bdec240300cbbe8be4d3aae7f62bb5b44002010103b82711bbb32a4ccbf439ed43f2520a80810044213400050300c4a4c2ae7492bd71a4aa3c824c0200c3d97acec3e3fca443e1f684a30100400018c0d81
faff3697102002ab321060040315a54a1070040000143710100c318e284007e301140d2f1c37e0200401800005202024bf7ffcf33c17edde3b29547aba81d9783e2be118bf7c5e28bc1ce10ebf7c5b54be2bdca840300c3b8be6e73adc003abc6298002010103b8259abbb31952bbf439ea93f2520dc0810044213400050300c4a4c2ae7492bd71a4aa3c824c0200c3d8f4a103e4930823e1f3daba5
faff369e102002ab331060040315a5ae1070040000143710100c3226bec007e301140d2f1c37e0200401800005202024bf7ffcf63c17bfd43b2aa22dba84ad443e2bdddebf7c5e4ebc1cc19fbf7c5b7cbe2bd95e40300cbb4d5376bc68f814bb4998002010103b827bdcbb30e2c1bf439e663f25212e0810044213400050300c4a4c2ae7492bd71a4aa3c824c0200c3d941b443e4696423e1b37aa30100400018c109a
faff3697102002ab341060040315a6121070040000143710100c32bf554007e301140d2f1c37e0200401800005202024bf7ffcfa3c17253a3b2b887eba8747003e2bda9abf7c5e70bc1c32d2bf7c5ba4be2bd61240300cbc90d668bc16a23e3c0b26002010103b824446bb2fabc5bf439e223f2521800810044213400050300c4a4c2ae7492bd71a4aa3c824c0200c3d8a1ee43e44959e3e1ef6751b
faff369e102002ab351060040315a6761070040000143710100c3357ebc007e301140d2f1c37e0200401800005202024bf7ffd003c16ac133b2db316ba8c31503e2bd8debf7c5e84bc1bd2a0bf7c5bbebe2bd44640300c3c765e34bc12d9e4bc1c58002010103b826025bb2e3f81bf439dfe3f2521ad0810044213400050300c4a4c2ae7492bd71a4aa3c824c0200c3d97f9203e448e963e21952430100400018c099f
faff3697102002ab361060040315a6da1070040000143710100c33f0824007e301140d2f1c37e0200401800005202024bf7ffd083c15d6dc3b2d9d58ba8d2bfc3e2bd2eabf7c5ec5bc1aff6bbf7c5c07be2bce5a40300c3915ff683a94df56bb82aa002010103b81d2b5bb2cffe5bf439d833f2522420810044213400050300c4a4c2ae7492bd71a4aa3c824c0200c3d8e5e163e4253503e212c24c4
faff369e102002ab371060040315a73e1070040000143710100c348918c007e301140d2f1c37e0200401800005202024bf7ffd0e3c150c1d3b2eb352ba905bb03e2bd6a6bf7c5e9bbc1a4346bf7c5be5be2bd20e40300c3cd48f51bc3fc036bc9a86002010103b8184ddbb2b70dabf439dd23f2521e70810044213400050300c4a4c2ae7492bd71a4aa3c824c0200c3da604083e446a3e3e221fec30100400018c064e
faff3697102002ab381060040315a7a21070040000143710100c3521af4007e301140d2f1c37e0200401800005202024bf7ffd103c14ba773b2f23f8ba91adf03e2bd150bf7c5ed4bc19f769bf7c5c22be2bccb040300c3b6a076cbbcbfb36bc4fe0002010103b8165f1bb2acf0dbf439d623f25226c0810044213400050300c4a4c2ae7492bd71a4aa3c824c0200c3d8f3c4b3e46bfb03e1d1d4db6
faff369e102002ab391060040315a8061070040000143710100c35ba45c007e301140d2f1c37e0200401800005202024bf7ffd143c1411583b2fc238ba93d2c43e2bc93cbf7c5f2abc19572dbf7c5c7ebe2bc49c40300cbbc85e69bc1c488c3c0d58002010103b81176abb299882bf439cb93f2523350810044213400050300c4a4c2ae8492bd71a4aa3c825c0200c3d8a035b3e3fb3fb3e1ab5b830100400018c099a
faff3697102002ab3a1060040315a86a1070040000143710100c3652dc4007e301140d2f1c37e0200401800005202024bf7ffd183c138af83b311447ba97224c3e2bc8b8bf7c5f30bc18e0dfbf7c5c8abe2bc41040300cbbe1e6663a2f8203b9bce0002010103b810155bb285e0abf439caf3f2523430810044213400050300c4a4c2ae8492bd71a4aa3c825c0200c3d9c2a903e3fdb783e21aa734c
faff369e102002ab3b1060040315a8ce1070040000143710100c36eb72c007e301140d2f1c37e0200401800005202024bf7ffd1c3c132dfe3b3167d5ba983d783e2bcdfabf7c5ef6bc1888d2bf7c5c52be2bc95240300c3c3161c0ba76b443bba40a002010103b80d519bb27b5acbf439d1d3f2522c10810044213400050300c4a4c2ae8492bd71a4aa3c825c0200c3d93dcd43e4442c13e1b2b3130100400018c1972
faff3697102002ab3c1060040315a9321070040000143710100c3784094007e301140d2f1c37e0200401800005202024bf7ffd203c1290743b31bc52ba99b6ea3e2bce72bf7c5ef0bc17f110bf7c5c52be2bc9ca40300cbc1d18bc3c93184fbbcfa4002010103b807f97bb26a9b7bf439d283f2522b60810044213400050300c4a4c2ae8492bd71a4aa3c825c0200c3d9829cb3e4471453e1f813ea5
faff369e102002ab3d1060040315a9961070040000143710100c381c9fc007e301140d2f1c37e0200401800005202024bf7ffd263c128a903b3171a3ba992ad43e2bcf16bf7c5eeebc17e822bf7c5c50be2bca6e40300c3c212040bc0b78debc0a99002010103b806d7ebb26b8dfbf439d373f2522a80810044213400050300c4a4c2ae7492bd71a4aa3c824c0200c3d933d0e3e4229e23e1f468130100400018c13f7
faff3697102002ab3e1060040315a9fa1070040000143710100c38b5364007e301140d2f1c37e0200401800005202024bf7ffd2a3c12172a3b3101edba98e58c3e2bd258bf7c5ecabc1771c0bf7c5c32be2bcdb840300c3c9616e3bc0ff399bc1d94002010103b800d93bb262cf4bf439d7c3f2522580810044213400050300c4a4c2ae7492bd71a4aa3c824c0200c3d8e8ec13e4235ff3e1f183e9f
faff369e102002ab3f1060040315aa5e1070040000143710100c394dccc007e301140d2f1c37e0200401800005202024bf7ffd2f3c1163853b331194ba9dea203e2bcfccbf7c5ee6bc16d6bcbf7c5c54be2bcb1c40300cbbd4ffc2bc3214873a4750002010103b7ffd30bb246fe4bf439d473f2522990810044213400050300c4a4c2ae7492bd71a4aa3c824c0200c3d81deee3e4b6dba3e1a979330100400018c160a
faff3697102002ab401060040315aac21070040000143710100c39e6634007e301140d2f1c37e0200401800005202024bf7ffd313c10ce183b33443bba9f1c943e2bcac0bf7c5f19bc164573bf7c5c8dbe2bc61040300cbc4c6b58bbb45f383be030002010103b7f502bbb237a8dbf439cdd3f2523160810044213400050300c4a4c2ae7492bd71a4aa3c824c0200c3d8efddc3e446c2f3e1d10d328
faff369e102002ab411060040315ab261070040000143710100c3a7ef9c007e301140d2f1c37e0200401800005202024bf7ffd323c10801e3b345a6dbaa1a6803e2bcd7abf7c5efbbc16044ebf7c5c73be2bc8c240300cbb8ae09e3b8c13843aa6c8002010103b7f55a3bb22aa00bf439d163f2522d30810044213400050300c4a4c2ae7492bd71a4aa3c824c0200c3d9829cb3e4471453e1f813e30100400018c13fc
faff3697102002ab421060040315ab8a1070040000143710100c3b17904007e301140d2f1c37e0200401800005202024bf7ffd323c107e813b357865baa3d2283e2bd634bf7c5e9bbc160ee2bf7c5c13be2bd16c40300cbc26c3eebc5682fdb95c00002010103b7fc01ebb224c66bf439dcc3f2521fb0810044213400050300c4a4c2ae7492bd71a4aa3c824c0200c3d97dd973e3facf33e1d546599
faff369e102002ab431060040315abee1070040000143710100c00155cc007e301140d2f1d37e0200401800045202024bf7ffd323c1031913b3746afbaa7cd663e2bd272bf7c5ec4bc15d65abf7c5c3ebe2bcd9a40300c3b4ebdbfbb68d95ebc7cd8002010103b8006e5bb21413cbf439d7d3f2522590810044213400050300c4a4c2ae7492bd71a4aa3c824c0200c3d97cfd23e3d3c213e1b340730100400018c1361
faff3697102002ab441060040315ac521070040000143710100c00adf34007e301140d2f1d37e0200401800045202024bf7ffd383c0fa6403b399cfabaad203e3e2bd5aebf7c5ea2bc15662ebf7c5c22be2bd0c640300cbc1cab723a6968a4bc04e8002010103b801f31bb1fabc1bf439dc13f25220b0810044213400050300c4a4c2ae7492bd71a4aa3c824c0200c3d8f19663e494dd33e2151912f
faff369e102002ab451060040315acb61070040000143710100c014689c007e301140d2f1d37e0200401800045202024bf7ffd383c0f952a3b3a29e2baae57d23e2bcc8ebf7c5f05bc155b0cbf7c5c87be2bc79e40300c3c34e689bba77246bc2232002010103b802f72bb1f6307bf439d023f2522ee0810044213400050300c4a4c2ae7492bd71a4aa3c824c0200c3d8aef543e46912c3e18c74030100400018c162a
faff3697102002ab461060040315ad1a1070040000143710100c01df204007e301140d2f1d37e0200401800045202024bf7ffd3c3c0f4ccc3b3a80b0baaf6ca23e2bc554bf7c5f54bc151730bf7c5cd8be2bc06440300c3aaf8a67bc280118bc39da002010103b8011a1bb1ed784bf439c6b3f2523a20810044213400050300c4a4c2ae7492bd71a4aa3c824c0200c3d933d0e3e4229e23e1f4681bf
faff369e102002ab471060040315ad7e1070040000143710100c0277b6c007e301140d2f1d37e0200401800045202024bf7ffd423c0ec0213b3a8d39bab03ef03e2bc806bf7c5f37bc148d19bf7c5cc1be2bc31e40300c3b63099dbc87bd3abb9d3c002010103b7f7258bb1dfcd6bf439ca53f2523600810044213400050300c4a4c2ae7492bd71a4aa3c824c0200c3d976e7c3e3d76c33e1f5bd130100400018c1080
faff369d70207802f5dbb81c0000000005161400081d1f000a0a1c000b0011000d1c1e000f151400111014001200110014161c00181c1f001c0a13001e161c01780001017c0001017e0001050312140504002105050021060116140606091c0607271f06081f1f0609241f060a241f061000210611201f061200110618001010100c0000000007e301140d2f1d37107004000014371060040315abe0102002ab487d
faff368370105e02f5dbb807e301140d2f1d3700000005fffc89a903010c000715239f22612f0000013c840000a63d000008f500000866ffffffde000000270000000e00000034000000000000018f00e563f600020000009800880043006f004f0035003a10100c0000000007e301140d2f1d37107004000014371060040315abe0102002ab4905
faff3697102002ab4a1060040315ade21070040000143710100c03104d4007e301140d2f1d37e0200401800045202024bf7ffd443c0e5ed33b3b8bd9bab2b27a3e2bcc5ebf7c5f07bc1437f2bf7c5c95be2bc76e40300cbc163e6bbbd44b653bb070002010103b7f55bfbb1d168cbf439d003f2522f50810044213400050300c4a4c2ae7492bd71a4aa3c824c0200c3d89afca3e425f6e3e20fde2ad
faff369e102002ab4b1060040315ae461070040000143710100c03a8e3c007e301140d2f1d37e0200401800045202024bf7ffd463c0dc4893b3cc33abab5e8ca3e2bcb46bf7c5f11bc13ace0bf7c5ca5be2bc64e40300cbc211b60bb9bb3c6bca05b802010103b7f05bebb1bc62ebf439ce93f2523110810044213400050300c4a4c2ae7492bd71a4aa3c824c0200c3d8eb1a83e3fa7dd3e1ae3fb30100400018c1947
faff3697102002ab4c1060040315aeaa1070040000143710100c04417a4007e301140d2f1d37e0200401800045202024bf7ffb983c0149743c0b532dbbe6e9533e2d3070bf7c4e39bc16fc33bf7c4dcdbe2d1ee040300c3c1d3d2cbc9610e4ba9710002010103bbddb90b990b9d2bf43b9533f2500bb0810044213400050300c4a4c2ae7492bd71a4aa3c824c0200c3d93c7b23e4941b63e217fd4e5
faff369e102002ab4d1060040315af0e1070040000143710100c04da10c007e301140d2f1d37e0200401800045202024bf7ffb983c00cc3d3c0b8e5bbbe787cd3e2d322ebf7c4e22bc168affbf7c4dbcbe2d20a640300c3d58b00dbcd86d74bc3030002010103bbdb818b9885e63bf43b9783f25008f0810044213400050300c4a4c2ae7492bd71a4aa3c824c0200c3d983eec3e3f72513e192c9b30100400018c1374
faff3697102002ab4e1060040315af721070040000143710100c0572a74007e301140d2f1d37e0200401800045202024bf7ffb963c00bd4d3c0bd34cbbe813803e2d365ebf7c4df1bc16886abf7c4d8fbe2d24ce40300c3d7bf360bc8e79f4bc559c002010103bbde329b984e6fbbf43b9cf3f2500270810044213400050300c4a4c2ae7492bd71a4aa3c824c0200c3d8415833e3b8e5b3e22be1705
faff369e102002ab4f1060040315afd61070040000143710100c060b3dc007e301140d2f1d37e0200401800045202024bf7ffb963c006f333c0c185abbe8b7173e2d32d6bf7c4e17bc1646b6bf7c4db9be2d214640300c3d805834bc9264c03a2840002010103bbde5a2b97cbc2dbf43b9853f25007f0810044213400050300c4a4c2ae7492bd71a4aa3c824c0200c3d9c99a93e4211a73e1fa30730100400018c0dbf
faff3697102002ab501060040315b03a1070040000143710100c06a3d44007e301140d2f1d37e0200401800045202024bf7ffb9a3c002a613c0be9bcbbe8724e3e2d336abf7c4e11bc15fb10bf7c4db5be2d21e240300c3d3f9d52bbdd94463bcfa2002010103bbd95a0b979eb91bf43b9923f2500710810044213400050300c4a4c2ae7492bd71a4aa3c824c0200c3d853fec3e44bf0d3e20dc19ac
faff369e102002ab511060040315b09e1070040000143710100c073c6ac007e301140d2f1d37e0200401800045202024bf7ffb9c3bff86093c0c23bcbbe9095f3e2d2d6abf7c4e52bc159e50bf7c4dfabe2d1bea40300c3d77ff6abc94f863bb9c6a002010103bbd7f5fb96b4c6abf43b9153f2501060810044213400050300c4a4c2ae7492bd71a4aa3c824c0200c3d9d08c43e4447d73e1d9b9b30100400018c0d2e
faff3697102002ab521060040315b1021070040000143710100c07d5014007e301140d2f1d37e0200401800045202024bf7ffba13bfe65633c0c0729bbe8fe853e2d38a8bf7c4dd6bc150c89bf7c4d84be2d273840300c3d78faaebc949ce93bc298002010103bbd0c74b95ff08bbf43ba023f24ffef0810044213400050300c4a4c2ae7492bd71a4aa3c824c0200c3d93665d3e497c583e25a79ed2
faff369e102002ab531060040315b1661070040000143710100c086d97c007e301140d2f1d37e0200401800045202024bf7ffba63bfd4b433c0bf5d4bbe90b3b3e2d3b78bf7c4db7bc147ee8bf7c4d69be2d2a2040300c3d616559bc742f19bbae04002010103bbca444b953e344bf43ba3f3f24ffa90810044213400050300c4a4c2ae7492bd71a4aa3c824c0200c3d8efddc3e446c2f3e1d10d330100400018c1378
faff3697102002ab541060040315b1ca1070040000143710100c09062e4007e301140d2f1d37e0200401800045202024bf7ffba83bfcffc73c0bf663bbe917a33e2d4072bf7c4d80bc145a5fbf7c4d34be2d2f1a40300c3d6a2098bcbd96ee39e920002010103bbc8c59b9504b2abf43baa73f24ff2e0810044213400050300c4a4c2ae7492bd71a4aa3c824c0200c3d89e0743e42421d3e1ee9fc5e
faff369e102002ab551060040315b22e1070040000143710100c099ec4c007e301140d2f1d37e0200401800045202024bf7ffbab3bfc59ce3c0bffe1bbe9478c3e2d3ca0bf7c4dabbc1409bfbf7c4d61be2d2b5040300c3d8e8971bd07888bb9d400002010103bbc5e21b9478d8abf43ba583f24ff8d0810044213400050300c4a4c2ae7492bd71a4aa3c824c0200c3d8f57d63e4ba1543e215e0b30100400018c0dcb
faff3697102002ab561060040315b2921070040000143710100c0a375b4007e301140d2f1d37e0200401800045202024bf7ffbb13bfacbb23c0bc974bbe91f4e3e2d3d90bf7c4d9fbc133c78bf7c4d5bbe2d2c6040300c3d564c95bcb9c052b9ece0002010103bbbb435b938ece0bf43ba6e3f24ff750810044213400050300c4a4c2ae7492bd71a4aa3c824c0200c3d88aeb03e4081323e2940fc52
faff369e102002ab571060040315b2f61070040000143710100c0acff1c007e301140d2f1d37e0200401800045202024bf7ffbb63bf94ef13c0bd8dabbe97e073e2d3db0bf7c4d9cbc128376bf7c4d60be2d2c9040300c3d4bbec3ba8cc8343acde0002010103bbb4546b9257dc7bf43ba723f24ff720810044213400050300c4a4c2ae7492bd71a4aa3c824c0200c3d9429083e4907143e1d580930100400018c1645
faff3697102002ab581060040315b35a1070040000143710100c0b68884007e301140d2f1d37e0200401800045202024bf7ffbb83bf864cf3c0c36ecbbea5f5b3e2d3caabf7c4da6bc121fe0bf7c4d70be2d2b8a40300c3d86d199bc11a5eebb9790002010103bbb41beb912b63ebf43ba5d3f24ff8c0810044213400050300c4a4c2ae7492bd71a4aa3c824c0200c3d8ecd313e4489803e1f24b8ee
faff369e102002ab591060040315b3be1070040000143710100c0c011ec007e301140d2f1d37e0200401800045202024bf7ffbb63bf88db13c0c4311bbea71113e2d3a54bf7c4dbfbc1235cdbf7c4d89be2d293440300c3d5dd493bc895a99bc5a4a002010103bbb5836b913a8ddbf43ba2c3f24ffc60810044213400050300c4a4c2ae7492bd71a4aa3c824c0200c3d9c7e203e3d30043e1b624930100400018c0d7b
faff3697102002ab5a1060040315b4221070040000143710100c0c99b54007e301140d2f1d37e0200401800045202024bf7ffbb53bf843e53c0c7264bbead9ef3e2d3d68bf7c4d9bbc1219ccbf7c4d67be2d2c4840300c3d622f62bc21fee93bbaf8002010103bbb649bb90c5b30bf43ba6c3f24ff790810044213400050300c4a4c2ae7492bd71a4aa3c824c0200c3d8ef6803e4bdbf63e2585d5f6
faff369e102002ab5b1060040315b4861070040000143710100c0d324bc007e301140d2f1d37e0200401800045202024bf7ffbb83bf6e7173c0cba60bbeba3b93e2d3a46bf7c4dbabc1179b8bf7c4d8ebe2d292e40300c3d7ded45bc1be032bb8be2002010103bbb2b3cb8ebb473bf43ba2b3f24ffc70810044213400050300c4a4c2ae7492bd71a4aa3c824c0200c3d8e80fd3e3fc52e3e1cf7e030100400018c105e
faff3697102002ab5c1060040315b4ea1070040000143710100c0dcae24007e301140d2f1d37e0200401800045202024bf7ffbb63bf6028a3c0d3748bbecc2863e2d3392bf7c4dfebc111d6ebf7c4ddabe2d227240300c3d1ec8cebcb891843c6bb2002010103bbb4118b8c19420bf43b99e3f25006d0810044213400050300c4a4c2ae7492bd71a4aa3c824c0200c3d8edaf63e46fa523e21451864
faff369e102002ab5d1060040315b54e1070040000143710100c0e6378c007e301140d2f1d37e0200401800045202024bf7ffbbb3bf4f1f03c0d3456bbeceade3e2d3364bf7c4e00bc109694bf7c4de2be2d225440300c3d7e20eebce1beeabc2352002010103bbae6fcb8a7ff0ebf43b99c3f2500720810044213400050300c4a4c2ae7492bd71a4aa3c824c0200c3d937b7e3e447d633e1f52fb30100400018c1042
faff3697102002ab5e1060040315b5b21070040000143710100c0efc0f4007e301140d2f1d37e0200401800045202024bf7ffbc03bf3e85e3c0d1723bbecdd523e2d3686bf7c4ddebc100f23bf7c4dc4be2d258e40300c3d56cf52bc9f57943be486002010103bba7b11b89364cfbf43b9df3f2500240810044213400050300c4a4c2ae7492bd71a4aa3c824c0200c3d9c76c43e449fca3e23d74baf
faff369e102002ab5f1060040315b6161070040000143710100c0f94a5c007e301140d2f1d37e0200401800045202024bf7ffbc43bf337353c0d126cbbecf34f3e2d31e0bf7c4e12bc0fb67ebf7c4dfabe2d20f040300c3d257756bce88eff3c5deb002010103bba3e5eb8831d4dbf43b97f3f2500980810044213400050300c4a4c2ae7492bd71a4aa3c824c0200c3d9313c03e3ad76d3e18e56530100400018c1005
faff3697102002ab601060040315b67a1070040000143710100c102d3c4007e301140d2f1d37e0200401800045202024bf7ffbc23bf26d5b3c0d8aaebbee01a93e2d34d0bf7c4dedbc0f67b4bf7c4dddbe2d23d840300c3d389044bcb7dea8bbe38c002010103bba5942b839066ebf43b9bc3f25004f0810044213400050300c4a4c2ae7492bd71a4aa3c824c0200c3d8a4f8f3e44784d3e1ce290e4
faff369e102002ab611060040315b6de1070040000143710100c10c5d2c007e301140d2f1d37e0200401800045202024bf7ffbc43bf127853c0e06ffbbef2fc53e2d2deabf7c4e35bc0edb57bf7c4e2dbe2d1cfa40300c3d7db8a2bcb4dfb13bd05a002010103bba4f4db7a4b8b7bf43b92c3f2500fa0810044213400050300c4a4c2ae7492bd71a4aa3c824c0200c3d8a803a3e445afc3e1aceab30100400018c0d10
faff3697102002ab621060040315b7421070040000143710100c115e694007e301140d2f1d37e0200401800045202024bf7ffbc63bf036943c0de0f5bbef0ada3e2d375ebf7c4dccbc0e5f4bbf7c4dc8be2d267e40300c3d39b6debcef85be3a9d08002010103bb9e490b744033bbf43b9f33f25000f0810044213400050300c4a4c2ae7492bd71a4aa3c824c0200c3d8f735f3e5082f83e259ec887
faff369d70207802f5dcb21c0000000005161400081d1f000a0b1c000b0011000d1c1e000f151400111114001200110014151c00181c1f001c0a13001e161c01780001017c0001017e0001050313140504002105050021060115140606091c0607271f06081f1f0609241f060a241f061000210611201f061200110618001010100c0ee6b28007e301140d2f1d37107004000014371060040315b5a4102002ab6372
faff369e102002ab641060040315b7a61070040000143710100c11f6ffc007e301140d2f1d37e0200401800045202024bf7ffbc43befa8643c0e60a6bbf01f543e2d34d6bf7c4de4bc0e2e84bf7c4de6be2d23ee40300c3d8acea7bc081742bca0c5802010103bba185f369b905cbf43b9bd3f25004e0810044213400050300c4a4c2ae7492bd71a4aa3c824c0200c3d8641063e469d4a3e1898fd30100400018c13c2
faff368370105e02f5dcb207e301140d2f1d37000000050ee33d1b03010c00071523a722612efc00013c5f0000a618000008f80000086affffffe9000000240000000c0000002b000000000000019100e5652200020000009800880043006f004f0035003a10100c0ee6b28007e301140d2f1d37107004000014371060040315b5a4102002ab65f1
faff3697102002ab661060040315b80a1070040000143710100c128f964007e301140d2f1d37e0200401800045202024bf7ffbc83bedf8293c0ea196bbf0e7e33e2d36b8bf7c4dccbc0d64babf7c4dd8be2d25e040300c3d53146abcdad6b73c22d3002010103bb9beb837f5ce34bf43b9e63f25001f0810044213400050300c4a4c2ae7492bd71a4aa3c824c0200c3da186663e44590a3e1fddc3bc
faff369e102002ab671060040315b86e1070040000143710100c13282cc007e301140d2f1d37e0200401800045202024bf7ffc463bf12d1d3bfc7ba0bbd03e5b3e2c8924bf7c55b0bc0c21dcbf7c553abe2c7a5c40300c3d5e7148bc949664bbf41a002010103bae4021b9ac5866bf43abdf3f2510f20810044213400050300c4a4c2ae7492bd71a4aa3c824c0200c3d89bd8f3e44d0403e231e4030100400018c136f
faff3697102002ab681060040315b8d21070040000143710100c13c0c34007e301140d2f1d37e0200401800045202024bf7ffc433bf10b813bfd3f3fbbd106313e2c844cbf7c55e2bc0c2145bf7c5570be2c757c40300c3d46cb89bc53d0e1bc33d4002010103bae8015b9a7930abf43ab793f25116a0810044213400050300c4a4c2ae7492bd71b4aa3c824c0200c3d97f9203e448e963e21952498
faff369e102002ab691060040315b9361070040000143710100c145959c007e301140d2f1d37e0200401800045202024bf7ffc463bf03e623bfdd05ebbd1b8923e2c8184bf7c55ffbc0bc81bbf7c5593be2c72b440300c3d16f0cabc3fd93e3bc800002010103bae756db99fbc45bf43ab3f3f2511b00810044213400050300c4a4c2ae7492bd71b4aa3c824c0200c3da1e7bc3e441e683e1bb5f930100400018c1633
faff3697102002ab6a1060040315b99a1070040000143710100c14f1f04007e301140d2f1d37e0200401800045202024bf7ffc483bef24f13bfe5884bbd26d273e2c8536bf7c55d4bc0b4940bf7c556ebe2c766e40300c3d2ab3b0bc478f4cbc5c06002010103bae4eb3b9964a1ebf43ab8d3f2511540810044213400050300c4a4c2ae7492bd71b4aa3c824c0200c3d9c07a93e42699a3e25deb74c
faff369e102002ab6b1060040315b9fe1070040000143710100c158a86c007e301140d2f1d37e0200401800045202024bf7ffc463bee4d403bff7d25bbd3b3203e2c80e6bf7c55febc0af723bf7c55a0be2c721640300c3d51ed09bc72aabbbb2368002010103bae7904b98b37a9bf43ab323f2511bf0810044213400050300c4a4c2ae7492bd71b4aa3c824c0200c3d93cf0e3e41d1ef3e190ad230100400018c0df0
faff3697102002ab6c1060040315ba621070040000143710100c16231d4007e301140d2f1d37e0200401800045202024bf7ffc463bed76cc3bffc300bbd41ad03e2c8590bf7c55c9bc0a93d2bf7c556fbe2c76c040300c3d27a2d2bcbe5e37bc6d66002010103bae4e8db984b677bf43ab943f25114b0810044213400050300c4a4c2ae7492bd71b4aa3c824c0200c3d97dd973e3facf33e1d54658b
faff369e102002ab6d1060040315bac61070040000143710100c16bbb3c007e301140d2f1d37e0200401800045202024bf7ffc463bec95943c005059bbd51a943e2c8826bf7c55aabc0a37c3bf7c5556be2c795640300c3d2f6a58bbf01a583be822002010103bae5aa8b975c262bf43abca3f25110b0810044213400050300c4a4c2ae7492bd71b4aa3c824c0200c3d93cf0e3e41d1ef3e190ad230100400018c10a8
faff3697102002ab6e1060040315bb2a1070040000143710100c17544a4007e301140d2f1d37e0200401800045202024bf7ffc483bebcc823c0070a8bbd57a3a3e2c8f28bf7c555cbc09dadabf7c550cbe2c806040300c3d2d0868bc5ae563bb82d6002010103bae3280b969a011bf43ac5d3f25105d0810044213400050300c4a4c2ae7492bd71b4aa3c824c0200c3d93ac293e4460123e1d3f16a8
faff369e102002ab6f1060040315bb8e1070040000143710100c17ece0c007e301140d2f1d37e0200401800045202024bf7ffc463beb33683c00ad0cbbd60af63e2c8f96bf7c5554bc09999ebf7c5508be2c80ce40300c3d4ea161bbc3d9703aef78002010103bae2f4db95d72cdbf43ac663f2510520810044213400050300c4a4c2ae7492bd71b4aa3c824c0200c3d8a4f8f3e44784d3e1ce29030100400018c16b8
faff3697102002ab701060040315bbf21070040000143710100c1885774007e301140d2f1d37e0200401800045202024bf7ffc4e3bea16ec3c00b61bbbd64d463e2c8dacbf7c556bbc090ebbbf7c5525be2c7eec40300c3d4c30f8bc18dfb9bbcc6c002010103badda82b94f1b62bf43ac403f2510830810044213400050300c4a4c2ae7492bd71b4aa3c824c0200c3d9429083e4907143e1d5809a4
faff369e102002ab711060040315bc561070040000143710100c191e0dc007e301140d2f1d37e0200401800045202024bf7ffc523be88fc83c00e871bbd6f2ac3e2c8cacbf7c5574bc085655bf7c5536be2c7dfc40300c3d3e4f7ebc7e185e3baac0002010103bad82e1b9385a6dbf43ac2c3f25109c0810044213400050300c4a4c2ae7492bd71b4aa3c824c0200c3d9c4d753e3d4d553e1d762e30100400018c1987
faff3697102002ab721060040315bcba1070040000143710100c19b6a44007e301140d2f1d37e0200401800045202024bf7ffc523be7adba3c013547bbd7b1863e2c87e2bf7c55a6bc07f35bbf7c556ebe2c793240300c3d5575e2bc3eac4e3bd8da002010103bad74beb9274f3dbf43abc83f2511130810044213400050300c4a4c2ae7492bd71b4aa3c824c0200c3d8a1ee43e44959e3e1ef675d7
faff369e102002ab731060040315bd1e1070040000143710100c1a4f3ac007e301140d2f1d37e0200401800045202024bf7ffc543be6aabf3c01795cbbd8643f3e2c849cbf7c55c7bc077ed6bf7c5595be2c75f440300c3d5f5ea3bc11b3eebc535a002010103bad554bb9156a34bf43ab843f2511640810044213400050300c4a4c2ae7492bd71b4aa3c824c0200c3d93909f3e3f7e6f3e18fe5930100400018c1354
faff3697102002ab741060040315bd821070040000143710100c1ae7d14007e301140d2f1d37e0200401800045202024bf7ffc543be62b0c3c01d190bbd929503e2c7e60bf7c5609bc074e16bf7c55dbbe2c6fb040300c3d558fd9bb9c00eebbed44002010103bad6f8db9082366bf43ab013f2511ff0810044213400050300c4a4c2ae7492bd71b4aa3c824c0200c3d8fab663e48f5e03e1b15e173
faff369e102002ab751060040315bde61070040000143710100c1b8067c007e301140d2f1d37e0200401800045202024bf7ffc593be4c92c3c01c403bbd94a0a3e2c7ef0bf7c5602bc069d75bf7c55dabe2c705840300c3d7d297cbc7b9e70bb37fc002010103bacf318b8f0a9c8bf43ab0f3f2511f10810044213400050300c4a4c2ae7492bd71b4aa3c824c0200c3d9058ef3e4d7f913e191af030100400018c09d0
faff3697102002ab761060040315be4a1070040000143710100c1c18fe4007e301140d2f1d37e0200401800045202024bf7ffc5d3be33ef03c01d022bbd9a4023e2c802cbf7c55f3bc05dd56bf7c55d1be2c71a440300c3d2a0820bc1399533b050c002010103bac7d41b8c911afbf43ab2a3f2511d20810044213400050300c4a4c2ae7492bd71b4aa3c824c0200c3d891dc93e42b7613e27399112
faff369e102002ab771060040315beae1070040000143710100c1cb194c007e301140d2f1d37e0200401800045202024bf7ffc5e3be329e03c01ed55bbd9e19c3e2c7e4ebf7c5607bc05d7abbf7c55e7be2c6fc640300c3d3f86e8bc3ffd4c3be286002010103bac8cc7b8c24f5bbf43ab033f2512010810044213400050300c4a4c2ae7492bd71b4aa3c824c0200c3d92b26b3e3b120f3e1d0d2f30100400018c13f0
faff3697102002ab781060040315bf121070040000143710100c1d4a2b4007e301140d2f1d37e0200401800045202024bf7ffc5f3be200e33c023655bbdaa4713e2c7ae4bf7c5629bc055139bf7c560fbe2c6c6440300c3d4f6f0abc63789ab9ba40002010103bac64d4b89a1818bf43aabc3f2512550810044213400050300c4a4c2ae7492bd71b4aa3c824c0200c3d922e2f3e3ddad43e25693ede
faff369e102002ab791060040315bf761070040000143710100c1de2c1c007e301140d2f1d37e0200401800045202024bf7ffc623be0ed603c021d44bbdaa23e3e2c77bebf7c564bbc04c4e0bf7c5635be2c694e40300c3d303c46bc6a6b003b1c38002010103babf8d7b883bed3bf43aa7b3f2512a30810044213400050300c4a4c2ae7492bd71b4aa3c824c0200c3d8f7abb3e4913313e1d29c630100400018c16e8
