faff365f102002a9ea106004031518da10100c0e14204007e301140d2f1937e010010540210c00007d65ff8bb2caffebfc2e40110c00000141fffed645ffffccc580210cfffffb1b000003acffffffa680311000100001fffffffa00000005000000006a
faff366e102002a9eb1060040315193e10100c0eacb6c007e301140d2f1937e010010520310cf9c3c608fffc292d0b29f11040210c0000bb67ff6501f0ffe5f28740110c000001dcfffe7339ffffbd4f80210cfffffee2fffff30fffffed468031100010000100000000fffffff0ffffffe9db
faff366e102002a9ec106004031519a210100c0f454d4007e301140d2f1937e010010520310cf9c3c910fffc227f0b29f31040210c00009285ff6523a8ffe5e12640110c00000174fffe7390ffffbd2180210c0000055afffffe84fffff3ed8031100010000000000007fffffffefffffff284
faff366e102002a9ed10600403151a0610100c0fdde3c007e301140d2f1937e010010520310cf9c3d128fffc226c0b29f98040210c00006c58ff652e44ffe5b99740110c00000115fffe73abffffbcba80210c00000e24fffff4fbfffffdf88031100010000100000013fffffff2fffffffe9a
faff366e102002a9ee10600403151a6a10100c10767a4007e301140d2f1937e010010520310cf9c3cf70fffc1f5a0b29fce040210c0000a257ff654bfeffe5a40540110c0000019efffe73f7ffffbc8780210cfffffd0efffffb01fffff9b780311000100001fffffffcfffffffbfffffff960
faff366e102002a9ef10600403151ace10100c110f10c007e301140d2f1937e010010520310cf9c3d128fffc1cea0b2a045040210c00006b0cff652304ffe5976940110c00000111fffe738effffbc6580210c000002d9fffff418fffff99b8031100010000100000004fffffff2fffffff928
faff366e102002a9f010600403151b3210100c11a7a74007e301140d2f1937e010010520310cf9c3cb88fffc18620b2a013040210c00005989ff655bd0ffe59ae140110c000000e3fffe741fffffbc7180210cfffff6230000069bfffff90a80311000100000fffffff500000008fffffff8c8
faff367c70105e02f5cd1207e301140d2f1937000000050ee32def03010c000715230b22612f4400013f040000a8bd000008db0000082afffffff2000000110000000500000016000000000000018900e5557a00020000009800880043006f004f0035003a10100c0ee6b28007e301140d2f193710600403151964102002a9f153
faff366e102002a9f210600403151b9610100c12403dc007e301140d2f1937e010010520310cf9c3ca48fffc15980b2a053040210c00004ed8ff652d34ffe5ecd640110c000000c9fffe73a8ffffbd4180210cfffffdc9fffffa06fffff9e980311000100001fffffffffffffff8fffffff9da
faff368f102002a9f310600403151bfa10100c12d8d44007e301140d2f1937e010010520310cf9c3bf00fffbb3570b2a152040210c00007fe8ff6555feffe5fe7840110c00000145fffe7411ffffbd6a80210c00000d4dfffffabefffff5fe8031100010000100000010fffffffbfffffff4504108039adf0100be1f06502104051aaf51d0110c00003d07ffffccbcffffeda75e
faff368f102002a9f410600403151c5e10100c13716ac007e301140d2f1937e010010520310cf9c3c058fffbb4dc0b2a190040210c00005502ff655844ffe59c7540110c000000dafffe7416ffffbc7280210c00000264fffff8ef000001788031100010000100000002fffffff800000002504108039adf0100be1f06502104051aaf33d0110c00003dc8ffffcc80ffffed721c
faff368f102002a9f510600403151cc210100c140a014007e301140d2f1937e010010520310cf9c3c090fffbb1b00b2a203040210c0000583dff65604affe5caf840110c000000e0fffe742bffffbcea80210c00000070fffff48afffff8698031100010000000000001fffffff2fffffff7504108039adf0100be1f06502104051aaf03d0110c00003ebbffffcb7affffecc9b2
faff368f102002a9f610600403151d2610100c14a297c007e301140d2f1937e010010520310cf9c3c468fffbae3e0b2a22b040210c000087e5ff653636ffe5ef2340110c0000015afffe73bfffffbd4580210c000006bbfffffccefffff95d8031100010000100000009fffffffcfffffff8504108039adf0100be1f06502104051b061cd0110c00003f76ffffca2cffffecb5f2
faff368f102002a9f710600403151d8a10100c153b2e4007e301140d2f1937e010010520310cf9c3c5f0fffbae6b0b2a280040210c00008411ff654744ffe5cfce40110c00000152fffe73ebffffbcf680210c000002bafffff6d1fffffebd8031100010000100000002fffffff5ffffffff504108039adf0100be1f06502104051c0bcfd0110c00003fd8ffffc8dcffffed724c
faff368f102002a9f810600403151dee10100c15d3c4c007e301140d2f1937e010010520310cf9c3cce8fffba9870b2a2ca040210c00008da4ff6513e8ffe5cf8a40110c00000168fffe7368ffffbcf380210c00000c31fffff974fffff6378031100010000100000010fffffff8fffffff4504108039adf0100be1f06502104051bf561d0110c00004053ffffc7a9ffffed44f3
faff368f102002a9f910600403151e5210100c166c5b4007e301140d2f1937e010010520310cf9c3d6e0fffba5120b2a34e040210c0000a3c9ff64f9f0ffe5bc3f40110c000001a1fffe7325ffffbcc080210c00001176fffff32efffff5e98031100010000000000017fffffff0fffffff4504108039adf0100be1f06502104051bb277d0110c000040deffffc6a6ffffed3d7e
faff368f102002a9fa10600403151eb610100c1704f1c007e301140d2f1937e010010520310cf9c3d930fffba6b90b2a3ad040210c00006530ff653730ffe5c0f840110c00000104fffe73c2ffffbccf80210c00000416fffff543000001068031100010000100000005fffffff200000001504108039adf0100be1f06502104051c0ca4d0110c0000415effffc5c5ffffee0b39
faff368f102002a9fb10600403151f1a10100c179d884007e301140d2f1937e010010520310cf9c3d180fffba2bc0b2a402040210c000086e8ff65070affe5e3fe40110c00000158fffe7346ffffbd2d80210cfffff2bbfffff80efffff79480311000100001fffffff0fffffff7fffffff6504108039adf0100be1f06502104051d1b8ed0110c000041f9ffffc4a3fffff07109
faff368f102002a9fc10600403151f7e10100c18361ec007e301140d2f1937e010010520310cf9c3ce90fffba1180b2a43e040210c00007fa7ff652f0affe5e02340110c00000146fffe73acffffbd2180210cfffffaeafffffa0ffffffc1280311000100001fffffffafffffff8fffffffc504108039adf0100be1f06502104051d012dd0110c0000429affffc339fffff03531
faff368f102002a9fd10600403151fe210100c18ceb54007e301140d2f1937e010010520310cf9c3d030fffb9ce40b2a496040210c00004806ff655392ffe5c06a40110c000000b7fffe740affffbcce80210c000002f7fffff7b9fffff7228031100010000000000005fffffff6fffffff6504108039adf0100be1f06502104051cb256d0110c00004399ffffc218ffffeecaa0
faff368f102002a9fe1060040315204610100c19674bc007e301140d2f1937e010010520310cf9c3cf18fffb99800b2a516040210c00006799ff653ff4ffe5b55440110c00000108fffe73d8ffffbcb380210cfffffe0bfffff34efffff79f80311000100001fffffffffffffff0fffffff6504108039adf0100be1f06502104051d1a89d0110c000044a1ffffc161fffff02ac2
faff368f102002a9ff106004031520aa10100c19ffe24007e301140d2f1937e010010520310cf9c3d100fffb91940b2a593040210c0000a56fff650ff6ffe5bf5840110c000001a4fffe735dffffbccb80210c0000035ffffff4f8fffff0148031100010000100000004fffffff3ffffffed504108039adf0100be1f06502104051e5385d0110c0000452effffc062fffff52f6f
faff368f102002aa001060040315210e10100c1a9878c007e301140d2f1937e010010520310cf9c3d218fffb8fc70b2a5b3040210c00003dd2ff654002ffe5a48c40110c0000009dfffe73d8ffffbc8780210c000001d9fffffd10fffffc118031100010000100000002fffffffcfffffffc504108039adf0100be1f06502104051ea173d0110c000045e7ffffbf47fffff6cc5d
faff368f102002aa011060040315217210100c1b310f4007e301140d2f1937e010010520310cf9c3d160fffb88c30b2a5f0040210c00006164ff654f9effe5d32240110c000000f6fffe7400ffffbcff80210cfffffecffffffb85fffff2ce80311000100000fffffffffffffffafffffff0504108039adf0100be1f06502104051f8b7dd0110c00004718ffffbe6afffffb4b47
faff368f102002aa02106004031521d610100c1bc9a5c007e301140d2f1937e010010520310cf9c3d178fffb86d90b2a693040210c0000511cff655524ffe5df3c40110c000000cffffe740effffbd1e80210c00000024ffffef13fffff9988031100010000100000001ffffffeafffffff9504108039adf0100be1f06502104051fa1aad0110c00004824ffffbd38fffffb2ec2
faff368f102002aa031060040315223a10100c1c623c4007e301140d2f1937e010010520310cf9c3cfc8fffb884f0b2a703040210c00005293ff6546d8ffe5b28740110c000000d4fffe73e9ffffbcac80210cfffffd20fffff3750000006d80311000100001fffffffcfffffff100000001504108039adf0100be1f06502104051fe44ed0110c0000494dffffbc59fffffc9856
faff368f102002aa041060040315229e10100c1cfad2c007e301140d2f1937e010010520310cf9c3cd40fffb82980b2a6f2040210c0000723fff65300cffe5e21b40110c00000122fffe73afffffbd2680210cfffffbaa00000397fffff6ba80311000100001fffffffa00000004fffffff5504108039adf0100be1f06502104051fc28dd0110c00004a49ffffbb2bfffffb26e3
faff368f102002aa051060040315230210100c1d93694007e301140d2f1937e010010520310cf9c3cd28fffb7f920b2a786040210c000088b2ff64f2f4ffe5ebf540110c0000015dfffe7313ffffbd3e80210c00000002fffff0f0fffff8118031100010000000000001ffffffeefffffff7504108039adf0100be1f06502104051f5d56d0110c00004adaffffb9a3fffff84c5c
faff368f102002aa061060040315236610100c1e2bffc007e301140d2f1937e010014520310cf9c3ce50fffb7de20b2a7ed040210c000060b3ff656ee8ffe5d43740110c000000f7fffe7450ffffbd0180210c00000243fffff55afffffbe98031100010000100000003fffffff2fffffffc504108039adf0100be1f06502104051f1265d0110c00004bd5ffffb842fffff4ed78
faff368f102002aa07106004031523ca10100c1ec4964007e301140d2f1937e010014520310cf9c3ce60fffb7b5a0b2a80c040210c00006029ff6549deffe5ec1a40110c000000f5fffe73f1ffffbd3f80210c0000002afffffd6dfffffb158031100010000100000000fffffffffffffffb504108039adf0100be1f06502104051e31a6d0110c00004cb6ffffb718ffffebb7c1
faff368f102002aa081060040315242e10100c1f5d2cc007e301140d2f1937e010014520310cf9c3cda0fffb740a0b2a83f040210c00008634ff65117effe5adef40110c00000154fffe7361ffffbca080210cfffffedffffffcc2fffff2bd8031100010000100000000fffffffcfffffff0504108039adf0100be1f06502104051e1e7fd0110c00004d9dffffb627ffffeac0d7
faff368f102002aa091060040315249210100c1ff5c34007e301140d2f1937e010014520310cf9c3cfe0fffb6d360b2a8a8040210c000066abff653260ffe5e48040110c00000104fffe73b5ffffbd2a80210c00000400fffff6aefffff24f8031100010000000000005fffffff4ffffffef504108039adf0100be1f06502104051de56bd0110c00004e43ffffb50fffffe82fcb
faff368f102002aa0a106004031524f610100c208e59c007e301140d2f1937e010014520310cf9c3cef8fffb66360b2a926040210c00005241ff655bd0ffe59c8b40110c000000cffffe741fffffbc7380210cfffffe7dfffff48cfffff19380311000100001fffffffffffffff2ffffffef504108039adf0100be1f06502104051de8fdd0110c00004f67ffffb3fcffffe7df85
faff367c70105e02f5ce0c07e301140d2f1937000000051dc9e16103010c000715231022612f4100013ef60000a8af000008dd0000082efffffff9ffffffdf0000000500000022000000000000013000e5566000020000009800880043006f004f0035003a10100c1dcd650007e301140d2f193710600403152328102002aa0bd4
faff368f102002aa0c1060040315255a10100c2126f04007e301140d2f1937e010014520310cf9c3caa8fffb60da0b2a9ca040210c0000882fff65018cffe5b8a140110c0000015afffe7338ffffbcbd80210cfffff887ffffefeefffff3be80311000100001fffffff6ffffffedfffffff1504108039adf0100be1f06502104051df42fd0110c00005042ffffb363ffffe8ae61
faff368f102002aa0d106004031525be10100c21bf86c007e301140d2f1937e010014520310cf9c4a38000055ec00b2959c040210c00007c3dff6555b6ffe61e4f40110c0000013efffe7410ffffbdbf80210cffffffadfffff56cfffffd818031100010000100000000fffffff2fffffffe504108039adf0100be1f06502104051de539d0110c0000247fffffba3bffffe84e53
faff368f102002aa0e1060040315262210100c22581d4007e301140d2f1937e010014520310cf9c4a26000055a1c0b29612040210c00008fe4ff650eb8ffe5d98540110c0000016efffe735affffbd1080210cfffffdfcfffff4a8fffff5e380311000100000fffffffffffffff2fffffff4504108039adf0100be1f06502104051d6660d0110cffff9ccdffffd283ffffe62cf3
faff368f102002aa0f1060040315268610100c22f0b3c007e301140d2f1937e010014520310cf9c4a4b000055b2f0b296b8040210c0000682fff6505deffe5bdd240110c0000010bfffe7343ffffbcc780210c000003f8ffffedeffffffed08031100010000100000005ffffffeaffffffff504108039adf0100be1f06502104051c67aed0110cffff995bffffd1d0ffffdf5ecb
faff368f102002aa10106004031526ea10100c23894a4007e301140d2f1937e010014520310cf9c4a6b8000559500b296d9040210c00007424ff6529f6ffe5c58140110c00000129fffe73a0ffffbcdb80210c0000036afffffcfbfffffc2b8031100010000100000004fffffffdfffffffc504108039adf0100be1f06502104051c5201d0110cffff95e9ffffd157ffffdec34f
faff368f102002aa111060040315274e10100c2421e0c007e301140d2f1937e010014520310cf9c4a858000558210b296e0040210c00008757ff655130ffe600d740110c0000015afffe7404ffffbd7380210c000002e7ffffff98fffffdd7803110001000010000000400000000fffffffe504108039adf0100be1f06502104051c4b68d0110cffff9232ffffd06cffffde3fe7
faff368f102002aa12106004031527b210100c24ba774007e301140d2f1937e010014520310cf9c4a130000554d10b29746040210c00008eafff651776ffe5b53a40110c0000016cfffe7370ffffbcb580210cfffff372fffff5ecfffff86b80311000100000fffffff1fffffff4fffffff7504108039adf0100be1f06502104051c3844d0110cffff8e4dffffcfa4ffffdd783a
faff368f102002aa131060040315281610100c25530dc007e301140d2f1937e010014520310cf9c4a38800054e3d0b297ef040210c00006d75ff652284ffe5a1d440110c00000115fffe738dffffbc8080210c000003e6ffffefc7fffff1a28031100010000100000005ffffffecffffffef504108039adf0100be1f06502104051c70afd0110cffff8af7ffffcf58ffffdfaf2c
faff368f102002aa141060040315287a10100c25eba44007e301140d2f1937e010014520310cf9c4a4600005488b0b297cd040210c0000a56bff6543dcffe5ed9a40110c000001a5fffe73e2ffffbd4280210c0000017300000554fffff6d4803110001000010000000200000007fffffff5504108039adf0100be1f06502104051d1aaed0110cffff8701ffffcedcffffe6089c
faff368f102002aa15106004031528de10100c26843ac007e301140d2f1937e010014520310cf9c4a7d000053f880b29817040210c0000904aff652782ffe5d60440110c0000016dfffe739affffbd0580210c000005f3fffffad2ffffef2b8031100010000100000008fffffffaffffffeb504108039adf0100be1f06502104051d121ed0110cffff833affffcdcaffffe56b74
faff368f102002aa161060040315294210100c271cd14007e301140d2f1937e010014520310cf9c4a30800053b900b29888040210c00007c15ff653b96ffe5bb3d40110c0000013cfffe73ccffffbcc480210cfffff78dfffff4effffff71480311000100000fffffff7fffffff2fffffff6504108039adf0100be1f06502104051cf8f3d0110cffff7f99ffffcd46ffffe3f6b9
faff368f102002aa17106004031529a610100c27b567c007e301140d2f1937e010014520310cf9c4a41800053ba00b2991a040210c000086d2ff64f8b2ffe5d4f640110c00000159fffe7322ffffbd0380210c000001b1fffff038fffffd918031100010000100000003ffffffecfffffffe504108039adf0100be1f06502104051d0b19d0110cffff7bd9ffffcc9bffffe53b1c
faff368f102002aa1810600403152a0a10100c284dfe4007e301140d2f1937e010014520310cf9c4a8d0000535ae0b2992b040210c00007680ff654f7effe5baeb40110c0000012dfffe7400ffffbcbf80210c00000827fffffffafffff578803110001000010000000a00000001fffffff4504108039adf0100be1f06502104051d421fd0110cffff7872ffffcc2bffffe7b802
faff368f102002aa1910600403152a6e10100c28e694c007e301140d2f1937e010014520310cf9c4a518000531040b2998a040210c000093c5ff651b6affe5cf5640110c00000178fffe737affffbcf780210cfffff98ffffff732fffff62380311000100001fffffff8fffffff6fffffff4504108039adf0100be1f06502104051d39e0d0110cffff74c1ffffcb54ffffe6f950
faff368f102002aa1a10600403152ad210100c297f2b4007e301140d2f1937e010014520310cf9c49b28000533530b29a06040210c0000512fff657478ffe5dbe740110c000000d1fffe745effffbd1a80210cffffee88fffff1f8000001af80311000100000ffffffebffffffee00000002504108039adf0100be1f06502104051d219bd0110cffff7148ffffcac6ffffe52c82
faff368f102002aa1b10600403152b3610100c2a17c1c007e301140d2f1937e010014520310cf9c49a6800052bd90b29a58040210c00005d87ff651feaffe5e64840110c000000ecfffe7386ffffbd3080210cfffffef3fffff96afffff0c18031100010000100000001fffffff8ffffffed504108039adf0100be1f06502104051cf66cd0110cffff6e22ffffc9f8ffffe24b7d
faff368f102002aa1c10600403152b9a10100c2ab0584007e301140d2f1937e010014520310cf9c4a038000526b90b29a99040210c000082fbff652692ffe5dd1040110c0000014dfffe7397ffffbd1680210c00000a1cfffffa7dfffff5fd803110001000010000000cfffffffbfffffff4504108039adf0100be1f06502104051c7558d0110cffff6aadffffc8fdffffdab24d
faff368f102002aa1d10600403152bfe10100c2b48eec007e301140d2f1937e010014520310cf9c49e9800051d990b29b27040210c00008029ff654d1affe5bf0840110c00000144fffe73f9ffffbccc80210cfffffd02fffff375ffffede080311000100001fffffffcfffffff0ffffffea504108039adf0100be1f06502104051c7b38d0110cffff6718ffffc875ffffdaba0f
faff368f102002aa1e10600403152c6210100c2be1854007e301140d2f1937e010014520310cf9c49ef800051b220b29bb0040210c00009e13ff655278ffe5d6da40110c00000194fffe7407ffffbd0880210c000000a4fffff202fffff9418031100010000000000001ffffffeefffffff8504108039adf0100be1f06502104051c8d99d0110cffff6369ffffc7e3ffffdb6df5
faff368f102002aa1f10600403152cc610100c2c7a1bc007e301140d2f1937e010014520310cf9c49aa000051b140b29bf6040210c000080dfff651cc4ffe596d240110c0000014afffe737effffbc6680210cfffff851fffff894fffffe6f80311000100001fffffff7fffffff6ffffffff504108039adf0100be1f06502104051c881fd0110cffff5fc7ffffc79effffdb2324
faff368f102002aa2010600403152d2a10100c2d12b24007e301140d2f1937e010014520310cf9c49c20000519bf0b29bf6040210c00002907ff654198ffe5e09040110c00000068fffe73dcffffbd2080210c000002b200000061fffffdb7803110001000010000000200000001fffffffe504108039adf0100be1f06502104051c786bd0110cffff5cdcffffc6ebffffd9b30d
faff368f102002aa2110600403152d8e10100c2dab48c007e301140d2f1937e010014520310cf9c49df0000512940b29bff040210c00005556ff654facffe5da9840110c000000d7fffe7400ffffbd1180210c0000031300000120fffff3cf803110001000010000000400000000fffffff1504108039adf0100be1f06502104051c7dc6d0110cffff59caffffc621ffffd9cfe5
faff368f102002aa2210600403152df210100c2e43df4007e301140d2f1937e010014520310cf9c4a140000511040b29c1c040210c0000880fff6549a0ffe5b54340110c0000015cfffe73f1ffffbcb180210c000005aefffffd50fffffcc78031100010000000000007fffffffefffffffd504108039adf0100be1f06502104051c8e9dd0110cffff5677ffffc573ffffda9e42
faff368f102002aa2310600403152e5610100c2edc75c007e301140d2f1937e010014520310cf9c49e0000050ded0b29c00040210c000098a1ff655310ffe5e95540110c00000186fffe7409ffffbd3980210cfffff9cc000003c5fffffdc280311000100001fffffff900000004fffffffe504108039adf0100be1f06502104051cb525d0110cffff52efffffc507ffffdd3f40
faff368f102002aa2410600403152eba10100c2f750c4007e301140d2f1937e010014520310cf9c49e7800050b590b29c55040210c00006b3bff651f4effe5c93940110c00000111fffe7384ffffbce580210c000000e4fffff79ffffffa018031100010000100000000fffffff7fffffff9504108039adf0100be1f06502104051d2993d0110cffff4f5affffc428ffffe7189c
faff367c70105e02f5cf0607e301140d2f1937000000052cb094d403010c000715231922612f3d00013ed60000a88f000008dd00000832ffffffea00000012000000080000001c000000000000017e00e5577c00020000009800880043006f004f0035003a10100c2cb4178007e301140d2f193710600403152cec102002aa2556
faff368f102002aa2610600403152f1e10100c300da2c007e301140d2f1937e010014520310cf9c4a2f0000508e70b29c71040210c00008598ff651e34ffe5cbde40110c00000155fffe7382ffffbcea80210c00000814fffffdcbfffff9fa803110001000010000000afffffffefffffff9504108039adf0100be1f06502104051d1959d0110cffff4be0ffffc37effffe5afde
faff368f102002aa2710600403152f8210100c30a6394007e301140d2f1937e010014520310cf9c428f0fffc60fa0b2ae85040210c00005010ff654b76ffe6013f40110c000000cafffe73f5ffffbd7580210c00000116fffff962fffff4a78031100010000000000001fffffff8fffffff2504108039adf0100be1f06502104051ce2c8d0110cffff73a6ffffbe80ffffe067cf
faff368f102002aa2810600403152fe610100c313ecfc007e301140d2f1937e010014520310cf9c42b00fffc616a0b2aec2040210c00007d9aff652498ffe5be4040110c00000142fffe7392ffffbcc880210c000003c1fffff94affffff478031100010000100000005fffffff800000000504108039adf0100be1f06502104051cb85bd0110cfffff3e3ffffb0afffffdd5306
faff368f102002aa291060040315304a10100c31d7664007e301140d2f1937e010014520310cf9c42978fffc5b340b2af87040210c00008da5ff653c56ffe5904340110c00000168fffe73cfffffbc5480210cfffffd78ffffeca7fffff1b180311000100001fffffffeffffffe9ffffffef504108039adf0100be1f06502104051c72d1d0110cfffff430ffffb03bffffd82c99
faff368f102002aa2a106004031530ae10100c326ffcc007e301140d2f1937e010014520310cf9c42ec0fffc53080b2b001040210c00007388ff64dd98ffe594a240110c00000124fffe72dcffffbc5d80210c00000925fffff54cffffef9d803110001000010000000cfffffff2ffffffec504108039adf0100be1f06502104051c6e8bd0110cfffff44fffffafcaffffd849fa
faff368f102002aa2b1060040315311210100c3308934007e301140d2f1937e010014520310cf9c433a8fffc4e090b2b087040210c0000913fff653896ffe5c75c40110c00000172fffe73c5ffffbcdf80210c000008a3fffff331fffff4f4803110001000000000000bfffffff0fffffff3504108039adf0100be1f06502104051c6284d0110cfffff4cfffffaf12ffffd7aae8
faff368f102002aa2c1060040315317610100c33a129c007e301140d2f1937e010014520310cf9c432e0fffc4b3b0b2b0e3040210c00005608ff655984ffe5de1c40110c000000dbfffe7419ffffbd1b80210cfffffeb1fffff6d6fffffa6b80311000100001fffffffffffffff4fffffffa504108039adf0100be1f06502104051c8342d0110cfffff53effffae3dffffd9f055
faff368f102002aa2d106004031531da10100c3439c04007e301140d2f1937e010014520310cf9c43980fffc422f0b2b16e040210c00006203ff654a92ffe597bf40110c000000f7fffe73f4ffffbc6480210c00000b9bfffff3c8ffffede2803110001000010000000efffffff1ffffffea504108039adf0100be1f06502104051ce65ed0110cfffff5f1ffffad94ffffe194d1
faff368f102002aa2e1060040315323e10100c34d256c007e301140d2f1937e010014520310cf9c43bb8fffc44eb0b2b1c4040210c00009f7eff652192ffe5bc2640110c0000019afffe738affffbcc380210c000003c5fffff5ce000003e98031100010000100000004fffffff400000005504108039adf0100be1f06502104051cfcf6d0110cfffff652ffffacc1ffffe38818
faff368f102002aa2f106004031532a210100c356aed4007e301140d2f1937e010014520310cf9c43f08fffc42490b2b1c4040210c0000a111ff654738ffe5dd9d40110c0000019bfffe73ebffffbd1880210c000005bc000000cefffffb7b803110001000000000000700000000fffffffb504108039adf0100be1f06502104051d4166d0110cfffff612ffffac0bffffe98c46
faff368f102002aa301060040315330610100c360383c007e301140d2f1937e010014520310cf9c43338fffc3f700b2b223040210c00009befff651a66ffe5bbc940110c0000018efffe7377ffffbcc880210cffffeb64fffff6a9fffff9d280311000100001ffffffe7fffffff4fffffff9504108039adf0100be1f06502104051d4bfed0110cfffff622ffffab0effffea60db
faff368f102002aa311060040315336a10100c369c1a4007e301140d2f1937e010014520310cf9c43390fffc3ead0b2b2c7040210c00008c4dff65081cffe58a1f40110c00000167fffe7349ffffbc4480210c000000b6ffffee91fffffba98031100010000100000000ffffffebfffffffb504108039adf0100be1f06502104051d6c43d0110cfffff699ffffaa7cffffedaed7
faff368f102002aa32106004031533ce10100c3734b0c007e301140d2f1937e010014520310cf9c43580fffc3e470b2b2f7040210c00007c4bff653de2ffe5a24040110c0000013efffe73d3ffffbc8180210c0000033bfffffb00ffffffdb8031100010000100000004fffffffa00000000504108039adf0100be1f06502104051d8881d0110cfffff6bdffffaa29fffff0a6f9
faff368f102002aa331060040315343210100c37cd474007e301140d2f1937e010014520310cf9c431d0fffc39af0b2b313040210c000059caff652b6cffe5917e40110c000000e4fffe73a3ffffbc5880210cfffff99cfffffe3efffff79380311000100000fffffff9fffffffefffffff6504108039adf0100be1f06502104051dddabd0110cfffff77cffffa997fffff90bdd
faff368f102002aa341060040315349610100c3865ddc007e301140d2f1937e010014520310cf9c42b70fffc36a10b2b3d6040210c00008895ff65195cffe593a840110c0000015cfffe7375ffffbc5f80210cfffff4f8ffffebe1fffff73a80311000100001fffffff3ffffffe6fffffff6504108039adf0100be1f06502104051ddf1dd0110cfffff80effffa965fffff95b18
faff368f102002aa35106004031534fa10100c38fe744007e301140d2f1937e010014520310cf9c42d28fffc38640b2b490040210c00009507ff651c5effe5de0140110c0000017efffe737dffffbd1a80210c00000305ffffeb9cffffff9e8031100010000100000004ffffffe700000000504108039adf0100be1f06502104051de396d0110cfffff820ffffa86dfffff9dc4c
faff368f102002aa361060040315355e10100c39970ac007e301140d2f1937e010014520310cf9c42ac0fffc33e30b2b500040210c00008810ff657830ffe5e26540110c0000015afffe7468ffffbd2780210cfffffbe6fffff529fffff5c880311000100001fffffffcfffffff2fffffff4504108039adf0100be1f06502104051ddd8fd0110cfffff867ffffa768fffff8c41f
faff368f102002aa37106004031535c210100c3a2fa14007e301140d2f1937e010014520310cf9c425a0fffc33740b2b506040210c00008c55ff655fa2ffe5a5de40110c00000167fffe7429ffffbc8d80210cfffff721ffffffa3ffffff2c80311000100000fffffff70000000000000000504108039adf0100be1f06502104051dcb94d0110cfffff896ffffa693fffff5e87d
faff368f102002aa381060040315362610100c3ac837c007e301140d2f1937e010014520310cf9c424d0fffc322d0b2b567040210c00009d87ff6533d8ffe5ef6440110c00000193fffe73b9ffffbd4780210cfffffe82fffff5d1fffffca080311000100001fffffffffffffff4fffffffd504108039adf0100be1f06502104051dd444d0110cfffff8a7ffffa5a5fffff68a69
faff368f102002aa391060040315368a10100c3b60ce4007e301140d2f1937e010014520310cf9c423e8fffc2e160b2b598040210c00007312ff65270cffe5c16540110c00000125fffe7398ffffbcd280210cfffffe6cfffffc09fffff81580311000100001fffffffefffffffdfffffff7504108039adf0100be1f06502104051dee90d0110cfffff922ffffa4bafffff9a53e
faff368f102002aa3a106004031536ee10100c005e9ac007e301140d2f1a37e010014520310cf9c42068fffc2ecc0b2b619040210c00004d6bff64fed6ffe5e50f40110c000000c7fffe7331ffffbd2e80210cfffff9c2fffff1e30000003c80311000100001fffffff8ffffffee00000000504108039adf0100be1f06502104051e004ed0110cfffff9c5ffffa377fffffc2c44
faff368f102002aa3b1060040315375210100c00f7314007e301140d2f1a37e010014520310cf9c41f68fffc29e60b2b657040210c00002eecff6556c2ffe5f6db40110c00000076fffe7412ffffbd5b80210cfffffe4dfffffab7fffff66a80311000100000fffffffffffffffafffffff5504108039adf0100be1f06502104051e35b9d0110cfffffaf1ffffa21e0000028c86
faff368f102002aa3c106004031537b610100c018fc7c007e301140d2f1a37e010014520310cf9c42098fffc27b10b2b69d040210c000054d7ff654138ffe60b2a40110c000000d8fffe73dbffffbd8e80210c00000233fffff92efffffa678031100010000100000003fffffff8fffffffa504108039adf0100be1f06502104051e2fa0d0110cfffffbc3ffffa0ab0000014c74
faff368f102002aa3d1060040315381a10100c02285e4007e301140d2f1a37e010014520310cf9c423c8fffc1fdf0b2b6c9040210c00009838ff653138ffe5cef240110c00000182fffe73b2ffffbcf380210c000005aefffffd87fffff1bb8031100010000100000006ffffffffffffffef504108039adf0100be1f06502104051e1d41d0110cfffffc29ffff9f91fffffeafde
faff368f102002aa3e1060040315387e10100c02c0f4c007e301140d2f1a37e010014520310cf9c427b8fffc19a10b2b6ff040210c000074a9ff658d2effe6022340110c00000127fffe749effffbd7580210c0000071dfffffc2afffff27d8031100010000100000008fffffffcfffffff0504108039adf0100be1f06502104051e09bfd0110cfffffcd8ffff9e5bfffffaddbc
faff367c70105e02f5d00007e301140d2f1a3700000005fffc7e4803010c000715231f22612f3900013ec50000a87e000008df00000836fffffff7fffffff4000000010000000f00000000000000f200e5583200020000009800880043006f004f0035003a10100c0000000007e301140d2f1a37106004031536b0102002aa3f83
faff368f102002aa40106004031538e210100c03598b4007e301140d2f1a37e010014520310cf9c42498fffc19f20b2b74a040210c00005f7fff653734ffe5a77f40110c000000f5fffe73c1ffffbc9080210cfffffa95fffff7cfffffff2880311000100000fffffffbfffffff600000000504108039adf0100be1f06502104051dcf2fd0110cfffffd2effff9d5dfffff23da6
faff368f102002aa411060040315394610100c03f221c007e301140d2f1a37e010014520310cf9c5af98fffd93c50b2b4d6040210c0000a0b4ff6530a8ffe5a3c940110c0000019afffe73b1ffffbc8680210cfffffd37ffffed9cfffff6f780311000100001fffffffdffffffe8fffffff5504108039adf0100be1f06502104051dc954d0110cfffff436ffffa87efffff297b0
faff368f102002aa42106004031539aa10100c048ab84007e301140d2f1a37e010014520310cf9c5ac78fffd92eb0b2b520040210c0000683dff653d68ffe5860640110c0000010bfffe73d1ffffbc3b80210cfffffa96fffff861fffffd6f80311000100001fffffffafffffff7fffffffe504108039adf0000be1f07502104051dc860d0110cffffd7b5ffffcb68fffff59733
faff368f102002aa4310600403153a0e10100c05234ec007e301140d2f1a37e010014520310cf9c5a530fffd91b00b2b568040210c00007817ff6542e6ffe5920040110c00000133fffe73dfffffbc5b80210cfffff371fffff880fffffca980311000100001fffffff0fffffff6fffffffd504108039adf0000be1f07502104051e0089d0110cffffd79fffffcbbafffffa71be
faff368f102002aa4410600403153a7210100c05bbe54007e301140d2f1a37e010014520310cf9c5a158fffd8c450b2b59a040210c0000abe7ff651972ffe5dd6c40110c000001b6fffe7375ffffbd1b80210cfffff927fffffc55fffff5ca80311000100000fffffff9fffffffcfffffff4504108039adf0000be1f07502104051e164ad0110cffffd725ffffcb65fffffc4649
faff368f102002aa4510600403153ad610100c06547bc007e301140d2f1a37e010014520310cf9c59e50fffd8bc90b2b5bd040210c00003332ff6531fcffe5be9440110c00000083fffe73b4ffffbccb80210cfffffad6fffffc3ffffffec080311000100001fffffffbfffffffcffffffff504108039adf0000be1f07502104051e2555d0110cffffd737ffffcb2dfffffdde1e
faff368f102002aa4610600403153b3a10100c06ed124007e301140d2f1a37e010014520310cf9c5a300fffd8abd0b2b5e7040210c00005f01ff6513aeffe5edde40110c000000f3fffe7367ffffbd4180210c00000819fffffbf0fffffd76803110001000010000000afffffffdfffffffe504108039adf0000be1f07502104051e5290d0110cffffd792ffffcabc0000021abd
faff368f102002aa4710600403153b9e10100c0785a8c007e301140d2f1a37e010014520310cf9c5a400fffd86300b2b63b040210c0000456fff650584ffe5c12540110c000000b0fffe7342ffffbcd080210c000001fcfffff83ffffff6e28031100010000100000002fffffff6fffffff5504108039adf0000be1f07502104051e6105d0110cffffd7cfffffca3c000003ce2c
faff368f102002aa4810600403153c0210100c081e3f4007e301140d2f1a37e010014520310cf9c59f50fffd7fb40b2b68e040210c00005d2bff655f52ffe5c62540110c000000ecfffe7428ffffbce080210cfffff7cbfffff8f1fffff35280311000100000fffffff7fffffff8fffffff1504108039adf0000be1f07502104051e8c60d0110cffffd83dffffca15000007de31
faff368f102002aa4910600403153c6610100c08b6d5c007e301140d2f1a37e010014520310cf9c59e28fffd7f2a0b2b6b0040210c00007096ff651410ffe5c7c640110c00000120fffe7367ffffbce280210cfffffe08fffffc91fffffe9480311000100001fffffffffffffffcffffffff504108039adf0000be1f07502104051e9276d0110cffffd81fffffc9de0000088be2
faff368f102002aa4a10600403153cca10100c094f6c4007e301140d2f1a37e010014520310cf9c59658fffd7cc00b2b706040210c000060d5ff654e8affe57a4d40110c000000f7fffe73fdffffbc1f80210cfffff277fffff772fffffa4680311000100001fffffff0fffffff7fffffffa504108039adf0000be1f07502104051ea494d0110cffffd844ffffc9fd00000a4add
faff368f102002aa4b10600403153d2e10100c09e802c007e301140d2f1a37e010014520310cf9c595b0fffd7eb80b2b725040210c00009f20ff652e4cffe5cae740110c00000198fffe73abffffbcea80210cfffffef0fffffbff000002ec8031100010000100000000fffffffc00000004504108039adf0000be1f07502104051eaa72d0110cffffd802ffffca0a00000ab64d
faff368f102002aa4c10600403153d9210100c0a80994007e301140d2f1a37e010014520310cf9c599e8fffd80880b2b77b040210c000083ecff6508a4ffe5949040110c00000153fffe734bffffbc5d80210c00000756fffff63e0000018f8031100010000000000009fffffff400000002504108039adf0000be1f07502104051ebbd9d0110cffffd7c2ffffca1400000cc208
faff368f102002aa4d10600403153df610100c0b192fc007e301140d2f1a37e010014520310cf9c599c8fffd7c0e0b2b7df040210c00006a02ff64fa46ffe5cc8640110c0000010dfffe7326ffffbcee80210cffffffcafffff69bfffff65a8031100010000100000001fffffff4fffffff5504108039adf0000be1f07502104051eb640d0110cffffd792ffffc9c800000c6b6b
