faff3679102002aa4e1060040315446e10100c14f80ac007e301140d2f1a37e01001054022120bd2d9600000bc86a000fff8c82ab000fffe401212001e139f0000ed67c100fffffce1a784ffff80221200479ad20000006d5fbf0000ff0a3905ffff80321800000001000100005ba6000000008c010000fffec569ffff5d
faff368e102002aa4f106004031544d210100c1590a14007e301140d2f1a37e01001052032127ad50000ff9ca4683180ffffdfa7000000b1402212070d5ee8000052873000fff659cc8000fffe4012120011f7e60000e739adc0fffffbc72050ffff80221200288d690000ff6c6b02ffffff8ea4dbffff803218000000010001000033e80000ffff4318ffffffff6ee8ffff3f
faff368e102002aa501060040315453610100c162937c007e301140d2f1a37e01001052032127aba0000ff9ca41a6a00ffffdfe1000000b1402212064b4b20000056cea000fff65c6d8600fffe401212000ffae80000e7449e80fffffbcdf010ffff802212ffd43ff8ffffffb2f932ffffff697049ffff803218000000000001ffffc801ffffffff9d68ffffffff3f49fffffb
faff368e102002aa511060040315459a10100c16c1ce4007e301140d2f1a37e01001052032127aa28000ff9ca411b400ffffe03b000000b140221207ee4b6000004fe00000fff65c114400fffe401212001449820000e732df80fffffbcd0320ffff802212ffd7a4adffffff67e014ffffffd5efb5ffff803218000000010001ffffcc59ffffffff3d48ffffffffca2affffb7
faff368e102002aa52106004031545fe10100c175a64c007e301140d2f1a37e01001052032127ae70000ff9ca413dc80ffffe03b000000b140221209703ee000005405a000fff65cbf6400fffe40121200182a020000e73d8400fffffbce9930ffff80221200777b87000000008fc200000001c8480000803218000000010001000098f00000000000b9000000000248000087
faff368e102002aa531060040315466210100c17f2fb4007e301140d2f1a37e01001052032127b060000ff9ca3c3f200ffffe0d4000000b1402212063d7250000052a60000fff65a4a9000fffe401212000fd5c80000e739fd20fffffbc85f60ffff8022120037651e0000ff0ee2abffffff46eb06ffff803218000000010001000046e80000fffecb60ffffffff1319ffffc9
faff368e102002aa54106004031546c610100c188b91c007e301140d2f1a37e01001052032127b690000ff9ca38fdb00ffffe131000000b14022120609c4080000546e9000fff65ede3600fffe401212000f5d280000e73e92e0fffffbd3f930ffff80221200aec1650000ff6e5ea5ffffff867dbeffff8032180000000000010000dfb10000ffff4598ffffffff6479ffffda
faff368e102002aa551060040315472a10100c1924284007e301140d2f1a37e01001052032127b7b8000ff9ca36b5580ffffe136000000b140221207fbe5a8000055654000fff65b7c0600fffe40121200145ead0000e74104c0fffffbcb72c0ffff80221200212762000000041a030000ffb92cb6ffff80321800000001000100002a710000000005400000ffffa559ffffb2
faff368e102002aa561060040315478e10100c19bcbec007e301140d2f1a37e01001052032127b598000ff9ca37e6380ffffe18f000000b1402212057899380000557f2000fff65b7b8c00fffe401212000e07ce0000e7414340fffffbcb87a0ffff802212ffc81154ffffff60103bfffffffe2b3bffff803218000000010001ffffb868ffffffff3349fffffffffda9ffff65
faff368e102002aa57106004031547f210100c1a55554007e301140d2f1a37e01001052032127be50000ff9ca3412380ffffe21f000000b1402212066e59e0000051ea7000fff65bd30000fffe401212001059190000e7382500fffffbcc1ca0ffff80221200f68e5a0000ff1a36adffffff61bf56ffff80321800000001000100013b960000fffed9e0ffffffff3571ffff75
faff368e102002aa581060040315485610100c1aedebc007e301140d2f1a37e01001052032127bbb0000ff9ca34f5400ffffe23d000000b140221206321138000052c36000fff65e299200fffe401212000fdf210000e73a4300fffffbd26780ffff802212ffb94c1bffffffc968e1ffff000213200000803218000000000001ffffa581ffffffffba20ffff000002a80000b8
faff368e102002aa59106004031548ba10100c1b86824007e301140d2f1a37e01001052032127ba48000ff9ca35c0280ffffe2af000000b140221206b99a10000052e7c000fff65cd6d600fffe401212001138cd0000e73aa1c0fffffbcefb98ffff802212ffdceac2ffffff390cbdffffffe46354ffff803218000000010001ffffd319ffffffff0158ffffffffdca9ffff8c
faff368e102002aa5a1060040315491e10100c1c1f18c007e301140d2f1a37e01001052032127b7d8000ff9ca34b6500ffffe31f000000b140221208f5e6900000504bb000fff659448a00fffe4012120016e45e0000e733f240fffffbc5ded0ffff802212ffbdb789ffffff441be0ffffffaf81eaffff803218000000010001ffffab28ffffffff0f81ffffffff98f9ffff66
faff368e102002aa5b1060040315498210100c1cb7af4007e301140d2f1a37e01001052032127b5b8000ff9ca30d2500ffffe35e000000b140221206bd4570000056537000fff65ed1bc00fffe4012120011200a0000e74362c0fffffbd411e0ffff802212ffc9f8c0ffffffa68bebffffff6ce7caffff803218000000010001ffffbad8ffffffff8d80ffffffff43b9ffffdc
faff368e102002aa5c106004031549e610100c1d5045c007e301140d2f1a37e01001052032127b880000ff9ca3235b00ffffe3a1000000b14022120565fac8000054374000fff65c6d8c00fffe401212000dd56a0000e73e0180fffffbcdd0f0ffff802212005239f30000ff8777c9fffffff9e53effff803218000000000001000069410000ffff65b8fffffffff831ffff86
faff368e102002aa5d10600403154a4a10100c1de8dc4007e301140d2f1a37e01001052032127ba20000ff9ca3673580ffffe3c9000000b1402212054683300000531d9000fff65baab600fffe401212000d97e60000e73b2f00fffffbcbe668ffff8022120030e6eb0000ffa8abeeffff004c5de5000080321800000001000100003e990000ffff9038ffff000061c0000068
faff368e102002aa5e10600403154aae10100c1e8172c007e301140d2f1a37e01001052032127bbf8000ff9ca344d180ffffe3cc000000b1402212054cc70000005611f000fff65afc7800fffe401212000d7a160000e742bf80fffffbca2690ffff8022120037f4f600000005cf770000ffa2f545ffff803218000000010001000047a00000000007710000ffff88e9ffff9d
faff368e102002aa5f10600403154b1210100c1f1a094007e301140d2f1a37e01001052032127bb90000ff9ca3579380ffffe447000000b140221208742070000051651000fff659bd4c00fffe4012120015a3430000e736c500fffffbc704c0ffff802212fffaff02ffffff2985b1ffffffd7d092ffff803218000000010001fffff998fffffffeed78ffffffffcc91ffff22
faff368e102002aa6010600403154b7610100c1fb29fc007e301140d2f1a37e01001052032127c168000ff9ca3410280ffffe496000000b1402212096e7d70000057488000fff65e20c200fffe401212001811390000e745df40fffffbd215e0ffff80221200a868d60000ff801844ffffff9a0643ffff8032180000000000010000d7910000ffff5c48ffffffff7d7affff25
faff368e102002aa6110600403154bda10100c204b364007e301140d2f1a37e01001052032127b9d0000ff9ca371a580ffffe4ec000000b140221207225038000053a37000fff65b96f400fffe40121200124e010000e73c7b20fffffbcbf260ffff802212ff348259ffffff61619affff001009f50000803218000000010001fffefb89ffffffff34f8ffff000014880000c2
faff367c70105e02f5d1f407e301140d2f1a37000000051dc9e52c03010c000715233522612f2f00013e760000a82f000008e20000083effffffe300000022000000060000002d000000000000018900e55a7600020000009800880043006f004f0035003a10100c1dcd650007e301140d2f1a3710600403154a38102002aa62b3
faff368e102002aa6310600403154c3e10100c20e3ccc007e301140d2f1a37e01001052032127b418000ff9ca3721180ffffe503000000b140221203f8b1f8000054015000fff65a684e00fffe401212000a1f340000e73d6d80fffffbc8df78ffff802212ff64febaffffffd8be09ffffffcaba71ffff803218000000010001ffff3998ffffffffcdc1ffffffffbbd1ffff86
faff368e102002aa6410600403154ca210100c217c634007e301140d2f1a37e01001052032127b598000ff9ca380db80ffffe4e3000000b140221207166638000053146000fff65a9ee400fffe40121200121e2e0000e73b1780fffffbc93888ffff80221200318f6b000000345e580000ffedef39ffff80321800000001000100003f700000000043080000ffffe8e1ffff29
faff36bb102002aa6510600403154d0610100c2214f9c007e301140d2f1a37e0100105203212747f0000ff9c8427e180ffffe903000000b1402212057e6e80000052734000fff65d20b600fffe401212000ddebf0000e7397c00fffffbcf9df8ffff8022120048a7e50000ffb24ab7ffffff2a2e74ffff80321800000000000100005d010000ffff9c8afffffffeee51ffff50420cadefeba20039e1f0a6c5000b502206867f33320051d0121207d65df80000f98c90f8fffffeaa185effff59
faff36bb102002aa6610600403154d6a10100c22ad904007e301140d2f1a37e010010520321274b30000ff9c83d3fd80ffffe957000000b140221209b901b0000051aa9000fff65b291000fffe4012120018bf1c0000e7377b00fffffbca8fc0ffff802212005c87410000ff86d532ffffff572701ffff803218000000010001000076710000ffff64e8ffffffff27e1ffff50420cadefeb9c0039e1f0a6d3000b502206867d0f560051d0121207eafbb80000f990f6b8fffffea97c1afffff9
faff36bb102002aa6710600403154dce10100c234626c007e301140d2f1a37e010010520321274f40000ff9c834a3f80ffffe995000000b140221207509210000052e4a000fff65bfc4800fffe40121200127d6b0000e73a9fc0fffffbcca6d8ffff80221200731cb40000ffbe6599ffffff0130e9ffff803218000000010001000093580000ffffac09fffffffeb9d9ffff50420cadefeb930039e1f0a6ea000b5022068679a7cf0051d01212080b52400000f99b9060fffffeaa5876ffff30
faff36bb102002aa6810600403154e3210100c23debd4007e301140d2f1a37e010010520321275370000ff9c82c81100ffffe9fa000000b1402212051d5980000055500000fff65d0efa00fffe401212000cdef70000e740d180fffffbcf6580ffff802212007568060000ff777fb1ffffff02adfeffff803218000000010001000096480000ffff5148fffffffebbc1ffff50420cadefeb890039e1f0a701000b502206867710e30051d01212083242600000f9a1aca0fffffea27830fffff0
faff36bb102002aa6910600403154e9610100c247753c007e301140d2f1a37e010010520321275390000ff9c82724700ffffea8f000000b140221207564d08000056421000fff65bcba600fffe4012120012a2fe0000e7433880fffffbcc4510ffff8022120007a4c40000ff195cb8ffffff4165b5ffff803218000000000001000009c90000fffed8caffffffff0c08ffff50420cadefeb7f0039e1f0a718000b502206867620260051d012120857cce00000f9a93cc0fffffe9cea50ffff74
faff36bb102002aa6a10600403154efa10100c250fea4007e301140d2f1a37e010010520321274f08000ff9c82008300ffffeaf2000000b14022120699b1b80000530f8000fff65d813c00fffe4012120010b3c50000e73b0380fffffbd0c638ffff802212ff82449effffff74d6e3ffffff1f3e86ffff803218000000010001ffff5f11ffffffff4de0fffffffee051ffff50420cadefeb760039e1f0a730000b502206867362790051d01212087fab800000f9b05630fffffe94fe24ffff62
faff36bb102002aa6b10600403154f5e10100c25a880c007e301140d2f1a37e010010520321274c78000ff9c81f70000ffffeb40000000b1402212070d8308000053a06000fff659ab5a00fffe40121200120a060000e73c78e0fffffbc6e6f0ffff802212ffb95eafffffff7cd908ffffffd92208ffff803218000000010001ffffa598ffffffff5821ffffffffce41ffff50420cadefeb6c0039e1f0a748000b502206867259460051d0121208a775600000f9baa810fffffe90f298ffff3d
faff36bb102002aa6c10600403154fc210100c2641174007e301140d2f1a37e0100105203212750c0000ff9c81a64f00ffffeb82000000b140221207b28028000052916000fff65f433200fffe4012120013911b0000e739cb00fffffbd508d8ffff8022120079a7800000ffa62e35ffffff6216ccffff80321800000001000100009bb80000ffff8d08ffffffff35e1ffff50420cadefeb630039e1f0a761000b5022068e0a4d600051d0121208ca11400000f9be5eb8fffffeab3cb8ffff88
faff36bb102002aa6d1060040315502610100c26d9adc007e301140d2f1a37e0100105203212753e8000ff9c81659b00ffffec1b000000b1402212053dea300000578b6000fff65e2ad600fffe401212000d4f0b0000e7468740fffffbd24320ffff8022120059cb530000ff0af4abffffff64497effff803218000000000001000072f10000fffec658ffffffff38b1ffff50420cadefeb590039e1f0a77a000b502206a4da12f20051d0121208f1a1400000f9c112d0fffffef078daffff2b
faff36bb102002aa6e1060040315508a10100c2772444007e301140d2f1a37e010010520321275420000ff9c80d36900ffffec0a000000b1402212087cf990000056005000fff65a18ba00fffe40121200157b9e0000e7429020fffffbc7ebf0ffff8022120005a33a000000472a8b0000ff0cb082ffff80321800000001000100000737000000005b180000fffec891ffff50420cadefeb500039e1f0a793000b5022069e27936e0051d01212091857800000f9cf4768fffffec7c7bcffff9d
faff36bb102002aa6f106004031550ee10100c280adac007e301140d2f1a37e010010520321275280000ff9c80a54580ffffec62000000b140221206e050580000527b0000fff65ce81000fffe401212001186360000e7398b00fffffbcf29c0ffff802212ffd47eadffffff75cadaffffff971d9effff803218000000010001ffffc850ffffffff4f19ffffffff79c1ffff50420cadefeb470039e1f0a7ad000b5022068a14e20e0051d01212093e17200000f9d39ff0fffffe6cdc50ffff44
faff36bb102002aa701060040315515210100c28a3714007e301140d2f1a37e010010520321275100000ff9c808d4180ffffecde000000b140221207132c98000053bee000fff659582000fffe401212001213a40000e73cc840fffffbc60ab0ffff802212ffd691fbffffff305ba6ffffffb8587bffff803218000000010001ffffcaf8fffffffef638ffffffffa449ffff50420cadefeb3d0039e1f0a7c8000b502206855178f20051d012120962f8900000f9df1320fffffe51d184ffffe5
faff36bb102002aa71106004031551b610100c293c07c007e301140d2f1a37e010010520321275118000ff9c804cc900ffffed1f000000b140221206fe2d50000052ba0000fff65dbf6a00fffe4012120011ca9b0000e73a2e40fffffbd14530ffff80221200042ce80000ffa48ba2ffffff7e881bffff803218000000000001000005590000ffff8af0ffffffff5a49ffff50420cadefeb340039e1f0a7e2000b502206770ead340051d012120988e6400000f9e47ce0fffffe05771cffff50
faff36bb102002aa721060040315521a10100c29d49e4007e301140d2f1a37e010010520321274f50000ff9c7fdb5f00ffffed7b000000b1402212064b4bc0000051fc5000fff65aef7200fffe401212000feaf70000e7384640fffffbca1f40ffff802212ffcf12e3ffffff825d68ffffff211357ffff803218000000010001ffffc161ffffffff5f30fffffffee2a9ffff50420cadefeb2b0039e1f0a7fd000b50220677872ad00051d0121209b252900000f9ecd028fffffe037244ffffaf
faff36bb102002aa731060040315527e10100c2a6d34c007e301140d2f1a37e010010520321275458000ff9c7f801400ffffedd0000000b140221206cabf300000541bd000fff659bbde00fffe40121200113b430000e73dbde0fffffbc6dcc0ffff802212008d48840000ff87c8e1ffffff4a3675ffff8032180000000100010000b4d80000ffff6621ffffffff1751ffff50420cadefeb220039e1f0a819000b50220678faf6960051d0121209dbd9300000f9f8e1b8fffffe0cee8cffffd7
faff36bb102002aa74106004031552e210100c2b05cb4007e301140d2f1a37e010010520321275710000ff9c7f3b8900ffffee92000000b1402212070b0b10000053d70000fff65a99ba00fffe4012120011ec9b0000e73d0ae0fffffbc924b0ffff802212004d64b00000fec615dfffffff5cca64ffff803218000000010001000063100000fffe6e30ffffffff2f19ffff50420cadefeb190039e1f0a835000b50220675c1e5b30051d012120a028dd00000fa077690fffffdf1dd78ffffe0
faff36bb102002aa751060040315534610100c2b9e61c007e301140d2f1a37e010010520321275778000ff9c7f268f00ffffeef7000000b14022120a72afe0000051c54000fff65e151c00fffe401212001ab6060000e737bc00fffffbd21e60ffff802212000d99330000ff57b6c3ffffffbe983effff803218000000000001000011690000ffff2898ffffffffac49ffff50420cadefeb100039e1f0a852000b5022066c2001d80051d012120a2467200000fa0b6520fffffda32634ffffa6
faff36bb102002aa76106004031553aa10100c2c36f84007e301140d2f1a37e010010520321275490000ff9c7ea36800ffffef9a000000b14022120685f0400000522ac000fff659991400fffe40121200107ad40000e738bbe0fffffbc6ba38ffff802212ffb1634fffffff0e3456fffffef3e85bffff803218000000010001ffff9b61fffffffeca80fffffffea8d8ffff50420cadefeb070039e1f0a86e000b5022066b2872c00051d012120a48a2d00000fa1721d8fffffd9a897cffff43
faff36bb102002aa771060040315540e10100c2ccf8ec007e301140d2f1a37e010014520321275228000ff9c7e62ed00ffffefe4000000b1402212076d5c60000055494000fff65ec4a800fffe4012120012e7430000e740b8c0fffffbd3f338ffff802212ffbe981fffffff92d1baffffff7b8df8ffff803218000000010001ffffac48ffffffff7441ffffffff5679ffff50420cadefeafe0039e1f0a88c000b502206684d9d5c0051d012120a6e50500000fa1c3b90fffffd7df178ffff9e
faff36bb102002aa781060040315547210100c2d68254007e301140d2f1a37e010014520321274d08000ff9c7ddb1200fffff03c000000b1402212040843800000537ef000fff65ea7ba00fffe401212000a1fee0000e73c2040fffffbd3bd40ffff802212ff6d7742ffffff8dfc47ffffff203278ffff803218000000010001ffff4470ffffffff6e10fffffffee189ffff50420cadefeaf50039e1f0a8a9000b5022066313bce60051d012120a9a50c00000fa1c8908fffffd3c7ab0ffff2c
faff36bb102002aa79106004031554d610100c2e00bbc007e301140d2f1a37e010014520321274c98000ff9c7db90900fffff08c000000b140221206fa113000005363d000fff65cd01c00fffe4012120011cd730000e73be040fffffbcee420ffff802212fff5e482ffffff7f94feffffffae2a0fffff803218000000000001fffff311ffffffff5ba0ffffffff9741ffff50420cadefeaec0039e1f0a8c8000b5022065371957e0051d012120ac477c00000fa1f2218fffffc8e7fc0ffff39
faff36bb102002aa7a1060040315553a10100c2e99524007e301140d2f1a37e010014520321274fe0000ff9c7d56a600fffff15d000000b140221206cb51c8000053df7000fff65cb76a00fffe401212001137290000e73d2100fffffbce8ac0ffff8022120060378c0000feb69ad5ffffff1079b8ffff80321800000001000100007b290000fffe5a60fffffffecd6affff50420cadefeae30039e1f0a8e6000b502206547d5f010051d012120aee72300000fa254780fffffc959178ffff9e
faff36bb102002aa7b1060040315559e10100c2f31e8c007e301140d2f1a37e010014520321274b38000ff9c7d4ec600fffff1ba000000b1402212052d3088000052604000fff658441600fffe401212000d3d280000e73942c0fffffbc35da0ffff802212ff7f43a2ffffff60b91fffffffd75375ffff803218000000010001ffff5b38ffffffff3421ffffffffcbf1ffff50420cadefeada0039e1f0a905000b50220657b2c9df0051d012120b1855c00000fa3206a8fffffcc0d1a0ffff5c
faff36bb102002aa7c1060040315560210100c2fca7f4007e301140d2f1a37e0100145203212753e8000ff9c7d59a900fffff268000000b14022120a357fe0000051b4c000fff65fcb2600fffe401212001a1be30000e7379b80fffffbd645c0ffff80221200f811cd0000fed3186effffffb288cfffff80321800000001000100013d860000fffe7ed8ffffffff9cd9ffff50420cadefead20039e1f0a925000b5022065b7d6cc00051d012120b3df6000000fa3975b0fffffcf78800fffff6
faff367c70105e02f5d2ee07e301140d2f1a37000000052cb0989f03010c000715234022612f2a00013e4f0000a808000008e400000842ffffffd90000001d0000000800000030000000000000018000e55b9600020000009800880043006f004f0035003a10100c2cb4178007e301140d2f1a37106004031553fc102002aa7dc0
faff36bb102002aa7e1060040315566610100c306315c007e301140d2f1a37e010014520321275a10000ff9c7d61e200fffff2bb000000b1402212061f5158000054349000fff65ad0b600fffe401212000fb0040000e73dfe80fffffbc999f0ffff80221200aba7b80000ff705f3afffffff66dd1ffff8032180000000000010000dbb90000ffff4828fffffffff3c1ffff50420cadefeac90039e1f0a945000b50220666ef66a60051d012120b621c700000fa3db8d0fffffd9ddf60ffff9e
faff36bb102002aa7f106004031556ca10100c30fbac4007e301140d2f1a37e010014520321263368000ff9ca3d45500ffffee05000000b140221206455c60000050c00000fff65fe96800fffe401212001000090000e7351e40fffffbd6d3c8ffff802212fff2796dffffffebfb16ffffffc56e43ffff803218000000010001ffffeeb1ffffffffe660ffffffffb509ffff50420cadefea240039e1f0aa69000b5022066745b7ea0051d012120ad241f00000f99e1970fffffdac77a4ffff33
faff36bb102002aa801060040315572e10100c319442c007e301140d2f1a37e010014520321263448000ff9ca3b7f100ffffee84000000b140221206717890000053134000fff65a030c00fffe401212001072010000e73b13a0fffffbc7af80ffff802212001a2bec0000ff2d1c45ffffffa909dfffff803218000000010001000021800000fffef211ffffffff90b1ffff50420cadefe8450039e1f0ad90000b50220668d7bf480051d0121208c08b300000f7bae7d0fffffddc8954ffffc0
faff36bb102002aa811060040315579210100c322cd94007e301140d2f1a37e010014520321263a48000ff9ca379ae00ffffeed8000000b140221203ef8c4800005659c000fff65c921c00fffe4012120009f9080000e7437c20fffffbce1980ffff80221200a761cb0000ff80f952ffffff802aadffff8032180000000100010000d6400000ffff5d68ffffffff5c61ffff50420cadefe8380039e1f0ada9000b50220668c596d60051d0121208dd25400000f7bda5d0fffffdd2ae30ffffa7
faff36bb102002aa82106004031557f610100c32c56fc007e301140d2f1a37e010014520321263948000ff9ca31f2a80ffffeed4000000b14022120863ee10000053d22000fff65d82d200fffe401212001553090000e73cf9c0fffffbd0b1d0ffff802212ffe4ae4bffff002279310000ff65a152ffff803218000000000001ffffdd09ffff00002c200000ffff3a69ffff50420cadefe82c0039e1f0adc2000b502206640280000051d0121208f52e700000f7be4050fffffd9ac0d4fffff1
faff36bb102002aa831060040315585a10100c335e064007e301140d2f1a37e010014520321263d98000ff9ca2ff0980ffffef6d000000b1402212073c81d0000053327000fff65b5d5200fffe401212001279af0000e73b67a0fffffbcb0e50ffff8022120079ff340000ff02246dffffffa17826ffff80321800000001000100009c290000fffebb10ffffffff8701ffff50420cadefe81f0039e1f0addb000b5022066297f2e40051d01212090884e00000f7be1850fffffd87a7b4ffff00
faff36bb102002aa84106004031558be10100c33f69cc007e301140d2f1a37e010014520321263b10000ff9ca2d4ed80ffffefea000000b140221209be2fa0000050feb000fff657cc5800fffe4012120018debc0000e735bc40fffffbc21cd0ffff802212ffb96b61ffffff334382ffffff92d1ccffff803218000000010001ffffa5a8fffffffef9f1ffffffff7441ffff50420cadefe8130039e1f0adf5000b5022065e642f2d0051d01212091e93800000f7c6a230fffffd5764d4ffffbb
faff36bb102002aa851060040315592210100c348f334007e301140d2f1a37e010014520321263810000ff9ca2e20300fffff013000000b14022120501d7680000534c1000fff65a750600fffe401212000cd4ea0000e73ba080fffffbc8ee50ffff802212ffacbf73ffffffb6839cffff000138810000803218000000010001ffff9570ffffffffa1f0ffff00000190000050420cadefe8060039e1f0ae0f000b5022066023cad60051d012120935df800000f7ca8d20fffffd6ffbc4ffffba
faff36bb102002aa861060040315598610100c3527c9c007e301140d2f1a37e010014520321263658000ff9ca27ca480fffff07a000000b1402212059194b8000057887000fff6595aa600fffe401212000e152e0000e7467a00fffffbc61230ffff802212ffd232d2ffffff6cbc26ffffff33a133ffff803218000000000001ffffc561ffffffff4380fffffffefa69ffff50420cadefe7fa0039e1f0ae29000b5022066570bc240051d01212094f32c00000f7d5a160fffffdb06748ffffbb
faff36bb102002aa87106004031559ea10100c35c0604007e301140d2f1a37e010014520321263bd8000ff9ca2574e80fffff12b000000b140221207c57b60000052a8c000fff65f8a1e00fffe4012120013d6d50000e73a0860fffffbd5b630ffff802212009b77750000feda3326ffffff951d3fffff8032180000000100010000c6ff0000fffe87f0ffffffff7731ffff50420cadefe7ed0039e1f0ae43000b502206642656a70051d012120968bea00000f7cfd7c0fffffd931398ffff45
faff36bb102002aa8810600403155a4e10100c3658f6c007e301140d2f1a37e010014520321264078000ff9ca215bc80fffff178000000b14022120bf1d6e0000052eb9000fff65d891e00fffe401212001e774f0000e73ab240fffffbd09b60ffff8022120080ee8c0000ff8f6109ffffff78de59ffff8032180000000100010000a5080000ffff6fd9ffffffff5309ffff50420cadefe7e10039e1f0ae5e000b5022066052ac7c0051d0121209763c100000f7c95090fffffd59cb44ffff60
faff36bb102002aa8910600403155ab210100c36f18d4007e301140d2f1a37e010014520321264198000ff9ca1e92e80fffff19e000000b140221204b1db00000051f71000fff65dc94400fffe401212000bf7620000e7383c40fffffbd15880ffff802212001bf4420000ffc8a74bffffffc0b800ffff803218000000010001000023c80000ffffb928ffffffffaf01ffff50420cadefe7d50039e1f0ae79000b5022065d834c230051d01212098cce900000f7c7faa0fffffd2d0cd8ffff00
faff36bb102002aa8a10600403155b1610100c378a23c007e301140d2f1a37e0100145203212641b0000ff9ca1996480fffff1d5000000b140221206c1da30000054842000fff65bf40400fffe401212001129790000e73ec320fffffbccad20ffff8022120004330c0000ffb9393effffff66cd35ffff803218000000000001000005610000ffffa568ffffffff3be9ffff50420cadefe7c80039e1f0ae94000b50220655218ff60051d0121209a720600000f7c7cf00fffffca05444ffff11
faff36bb102002aa8b10600403155b7a10100c3822ba4007e301140d2f1a37e0100145203212644f0000ff9ca15a2500fffff1d7000000b140221206df78d0000053343000fff65c860c00fffe40121200117ade0000e73b6aa0fffffbce0d60ffff802212005b360c0000000ed8050000ff8be30affff803218000000010001000074c10000000013000000ffff6b61ffff50420cadefe7bc0039e1f0aeaf000b50220655b2a4ee0051d0121209bf07a00000f7c77dd0fffffca616fcfffffe
faff36bb102002aa8c10600403155bde10100c38bb50c007e301140d2f1a37e010014520321264730000ff9ca15de880fffff213000000b14022120770ee00000051b6a000fff65df5fc00fffe40121200130e410000e73798a0fffffbd1c270ffff802212003e9f4d0000ff9811bcfffffff50fdaffff803218000000010001000050280000ffff7af9fffffffff201ffff50420cadefe7af0039e1f0aecb000b50220657777ec60051d0121209d4c0800000f7c5e240fffffcc625c4ffffa0
faff36bb102002aa8d10600403155c4210100c3953e74007e301140d2f1a37e010014520321264c30000ff9ca10ec680fffff286000000b140221205dd5cd0000053ef5000fff65c7e2e00fffe401212000ee1760000e73d4be0fffffbcdece0ffff802212008da0620000ff5082bfffffff58d69affff8032180000000100010000b5480000ffff1f60ffffffff2a09ffff50420cadefe7a30039e1f0aee7000b502206573d615b0051d0121209ef35c00000f7c4a770fffffcbc7a18ffff5b
faff36bb102002aa8e10600403155ca610100c39ec7dc007e301140d2f1a37e010014520321264228000ff9ca0d3bc80fffff2d7000000b1402212053a0118000052469000fff65d14f200fffe401212000d47640000e738fac0fffffbcfd758ffff802212fee77b8cffffff87c2caffffff832553ffff803218000000000001fffe98f1ffffffff6618ffffffff6031ffff50420cadefe7970039e1f0af03000b502206569f7e3e0051d012120a0b64b00000f7c329f0fffffcb1c634ffffe1
faff36bb102002aa8f10600403155d0a10100c3a85144007e301140d2f1a37e010014520321264768000ff9ca08f4380fffff309000000b140221209269d00000052792000fff65e996600fffe40121200174cec0000e7398e00fffffbd34f38ffff8022120095b4ec0000ffbd40b9ffffff72e914ffff8032180000000100010000bfa10000ffffaa90ffffffff4b69ffff50420cadefe78a0039e1f0af20000b502206571fae1b0051d012120a20f6e00000f7bcd8a0fffffcbbc240ffff0a
faff36bb102002aa9010600403155d6e10100c3b1daac007e301140d2f1a37e010014520321264808000ff9ca05d8780fffff319000000b1402212085de980000056685000fff65cb01400fffe401212001555850000e7439b20fffffbce8af8ffff802212001294220000fff3287dffffffa5ca07ffff803218000000010001000017c80000ffffef91ffffffff8c89ffff50420cadefe77e0039e1f0af3c000b50220658b16b670051d012120a3290a00000f7bed5e0fffffcd662bcffffe5
faff36bb102002aa9110600403155dd210100c001b774007e301140d2f1b37e010014520321264918000ff9ca04e3780fffff34c000000b14022120968d540000051a84000fff660039200fffe401212001810c60000e7377280fffffbd70bf0ffff802212001e394f0000ffac810affffffda6d07ffff803218000000010001000026b00000ffff9520ffffffffcfe9ffff50420cadefe7710039e1f0af59000b50220658780c800051d012120a45bdc00000f7b64f40fffffcceed6cffff0c
faff36bb102002aa9210600403155e3610100c00b40dc007e301140d2f1b37e0100145203212645f0000ff9ca0141300fffff32f000000b140221207b0c0e0000051de6000fff65db7f800fffe401212001396840000e737f820fffffbd148d0ffff802212ffa84179ffff004154ef0000ffa4278effff803218000000000001ffff8fb1ffff000053a00000ffff8a71ffff50420cadefe7650039e1f0af76000b50220657dc05a10051d012120a5b47500000f7b16c00fffffcbeb098ffff77
faff36bb102002aa9310600403155e9a10100c014ca44007e301140d2f1b37e0100145203212648e8000ff9c9fd39d80fffff33f000000b1402212046ba980000053543000fff65b05ec00fffe401212000b322c0000e73bbc40fffffbca3810ffff8022120052e8e90000fff7fe32ffffff81f331ffff80321800000001000100006a210000fffff5c0ffffffff5ea9ffff50420cadefe7580039e1f0af94000b502206584ec75e0051d012120a7990b00000f7b19060fffffccac638ffffeb
faff36bb102002aa9410600403155efe10100c01e53ac007e301140d2f1b37e010014520321264440000ff9c9fb4fd00fffff37e000000b1402212084894b000005303e000fff659aea600fffe4012120015274a0000e73ae5c0fffffbc6fd90ffff802212ff800b93ffffff9de16cffffffb92cf4ffff803218000000010001ffff5c38ffffffff8269ffffffffa559ffff50420cadefe74c0039e1f0afb2000b50220659b7f7850051d012120a8f4f500000f7b827a0fffffcef9b70ffff66
faff36bb102002aa9510600403155f6210100c027dd14007e301140d2f1b37e010014520321264398000ff9c9f710d80fffff3dc000000b140221208b0e3800000526fa000fff65b73bc00fffe40121200161f240000e7396ec0fffffbcb69a8ffff802212fff091c4ffffff723a37ffffff64754cffff803218000000010001ffffec40ffffffff4a88ffffffff38e9ffff50420cadefe73f0039e1f0afd0000b5022065a2207c80051d012120aa37b600000f7ba19c0fffffcfad60cffff99
faff367c70105e02f5d3e807e301140d2f1b3700000005fffc821203010c000715234a22612f2500013e2a0000a7e3000008e600000846ffffffe00000000b0000000100000022000000000000015a00e55c9800020000009800880043006f004f0035003a10100c0000000007e301140d2f1b3710600403155dc0102002aa965a
faff36bb102002aa9710600403155fc610100c031667c007e301140d2f1b37e010014520321264650000ff9c9f1d6680fffff474000000b140221209f94b50000051e8e000fff65a529000fffe401212001963ca0000e73819c0fffffbc86e90ffff802212004d3ee40000ff12d772ffffff43c497ffff803218000000000001000062e10000fffed070ffffffff0f11ffff50420cadefe7330039e1f0afee000b5022065b7042d80051d012120ab6a3500000f7bf4d00fffffd200434ffff5b
faff36bb102002aa981060040315602a10100c03aefe4007e301140d2f1b37e010014520321264798000ff9c9ef80900fffff4d0000000b14022120c465b000000514c7000fff65b58ae00fffe401212001f4eca0000e73687c0fffffbcb1618ffff802212002ab2fa0000ff6efaf5ffffff6fcf70ffff803218000000010001000036a90000ffff4660ffffffff4771ffff50420cadefe7260039e1f0b00c000b5022065d418cb80051d012120ac427a00000f7c18780fffffd585890fffff6
faff36bb102002aa991060040315608e10100c044794c007e301140d2f1b37e010014520321263390000ff9ce3f35ec0ffffec62000000b140221208e342f0000050aba000fff65ccf1800fffe4012120016b87b0000e734e800fffffbceedc0ffff802212ffc4bf3fffffff99da06ffffffcdb50effff803218000000010001ffffb428ffffffff7d41ffffffffbfa1ffff50420cadefe6690039e1f0b157000b50220662f32cd30051d012120957dce00000f7c3d9e0fffffe3355eaffffa2
faff36bb102002aa9a106004031560f210100c04e02b4007e301140d2f1b37e0100145203212634e0000ff9ce3b16880ffffec8d000000b140221206ac4e480000518d9000fff65ad56200fffe4012120010f56a0000e7372ec0fffffbc9c668ffff80221200285b580000ffca30f1ffffff765a8cffff803218000000010001000033a80000ffffbb20ffffffff4fd1ffff50420cadefe44c0039e1f0b4f0000b50220665ab6d3e0051d0121204e8c3880000f7c5aa80fffffee78fb4ffff6a
faff36bb102002aa9b1060040315615610100c0578c1c007e301140d2f1b37e010014520321263728000ff9ce3445760ffffed3e000000b140221209336b50000052b43000fff65c1b1a00fffe40121200175e0e0000e73a21c0fffffbcd0260ffff8022120040cadb0000feeee03bffffff10ac16ffff803218000000000001000052ef0000fffea268fffffffecdaaffff50420cadefe4400039e1f0b4fe000b5022066c436d640051d0121204e0b6900000f7c567b0ffffff6d2524ffff2a
faff36bb102002aa9c106004031561ba10100c0611584007e301140d2f1b37e010014520321263a90000ff9ce2d84a00ffffed6d000000b1402212081e108000004de49000fff65c493600fffe401212001495f80000e72dd240fffffbcd6fd0ffff80221200628f690000ffcf7d46ffffff2ed83bffff80321800000001000100007e290000ffffc1e8fffffffef449ffff50420cadefe4330039e1f0b50b000b5022066dc3f3470051d0121204d519580000f7c9a670ffffff967917ffff9c
faff36bb102002aa9d1060040315621e10100c06a9eec007e301140d2f1b37e010014520321263d28000ff9ce2b82880ffffedd9000000b1402212064e09a8000051f55000fff65e01a000fffe401212001015cf0000e7383980fffffbd1ddb8ffff8022120048ffc50000ff4f3178ffffffa928d8ffff80321800000001000100005d700000ffff1db1ffffffff90d9ffff50420cadefe4270039e1f0b519000b502206724941ac0051d0121204d2aa800000f7c78f80fffffffd337fffff20
faff36bb102002aa9e1060040315628210100c0742854007e301140d2f1b37e010014520321264058000ff9ce2692e40ffffee53000000b14022120749a1c0000052c96000fff6601e9e00fffe401212001281b80000e73a5940fffffbd74100ffff802212005fdf5a0000ff45cb39ffffff46229effff80321800000001000100007ab60000ffff11a8ffffffff1219ffff50420cadefe41a0039e1f0b527000b502206743af11f0051d0121204cd36b80000f7bcfea0ffff00281e07000006
faff36bb102002aa9f106004031562e610100c07db1bc007e301140d2f1b37e010014520321263fe8000ff9ce21b1cc0ffffeed0000000b1402212067997900000541a2000fff65f52d000fffe4012120010712b0000e73db300fffffbd551c0ffff802212fff4d7acffffff3f0820ffffff552025ffff803218000000000001fffff1b9ffffffff0900ffffffff2549ffff50420cadefe40e0039e1f0b534000b5022067a112f150051d0121204c747a00000f7b4e340ffff00acfab0000083
faff36bb102002aaa01060040315634a10100c0873b24007e301140d2f1b37e010014520321264388000ff9ce1dcea20ffffef6b000000b140221205d14bc0000052d0a000fff65e098a00fffe401212000ec6850000e73a6c80fffffbd1ea00ffff8022120069466f0000ff08a954ffffff5cd773ffff803218000000010001000086c10000fffec368ffffffff2f29ffff50420cadefe4010039e1f0b542000b5022067b61ce1f0051d0121204c55a700000f7b489b0ffff00ca4e820000da
faff36bb102002aaa1106004031563ae10100c090c48c007e301140d2f1b37e0100145203212643d0000ff9ce169bbe0ffffefae000000b140221203ad26a00000542b6000fff65fbeee00fffe401212000936d80000e73de000fffffbd661e0ffff80221200074cc30000ffad1724ffffff261480ffff803218000000010001000009580000ffff95e1fffffffee911ffff50420cadefe3f50039e1f0b54f000b5022067f5106a80051d0121204c5d1880000f7ad8860ffff012970220000fe
faff36bb102002aaa21060040315641210100c09a4df4007e301140d2f1b37e010014520321264978000ff9ce1356cc0fffff04a000000b140221208f68df0000055eab000fff65da94200fffe4012120016d9650000e7425f60fffffbd0e580ffff80221200a28c7c0000ff03a83fffffff71a3baffff8032180000000100010000d0100000fffebd00ffffffff49c8ffff50420cadefe3e80039e1f0b55c000b502206800e51fb0051d0121204c483b80000f7ab9350ffff01326e9a000048
faff36bb102002aaa31060040315647610100c0a3d75c007e301140d2f1b37e010014520321264650000ff9ce11d7be0fffff09f000000b140221205ac5040000052ca3000fff65cd0b800fffe401212000e7b6b0000e73a53c0fffffbcef910ffff802212ffa7ab6affffff745a3cffffffbdf57dffff803218000000000001ffff8ef1ffffffff4d40ffffffffab79ffff50420cadefe3dc0039e1f0b56a000b5022068240cabb0051d0121204be82600000f7a8b140ffff016b829c0000b4
faff36bb102002aaa4106004031564da10100c0ad60c4007e301140d2f1b37e0100145203212640b8000ff9ce0c6baa0fffff0d8000000b140221209890b00000051b60000fff65cfd5000fffe40121200183fdf0000e7378e00fffffbcf7ab8ffff802212ff6937d0ffffffb71f73ffffff4d6faeffff803218000000010001ffff3f01ffffffffa2b8ffffffff1b71ffff50420cadefe3cf0039e1f0b577000b502206837153800051d0121204b6f7d80000f7a8e480ffff018c37e00000c2
faff36bb102002aaa51060040315653e10100c0b6ea2c007e301140d2f1b37e010014520321264070000ff9ce0ab8720fffff12a000000b14022120341568c000052d8a000fff65bed4400fffe4012120008496d0000e73a7c40fffffbcc9eb0ffff802212fff8cc4affffff7b8779ffffffb96b61ffff803218000000010001fffff6c8ffffffff5671ffffffffa5a9ffff50420cadefe3c20039e1f0b585000b50220686fc8a040051d0121204b528680000f7a80ed0ffff01efc27200000f
faff36bb102002aaa6106004031565a210100c0c07394007e301140d2f1b37e010014520321263e80000ff9ce0a57c60fffff149000000b1402212068faa400000545bd000fff65a74f200fffe4012120010c7710000e73e5980fffffbc8e628ffff802212ffccf97bffffffcc37a6ffffffe4ff95ffff803218000000010001ffffbeb0ffffffffbdb8ffffffffdd71ffff50420cadefe3b60039e1f0b592000b50220687a392ec0051d0121204b679b80000f7ac8e90ffff01ff503e000088
faff36bb102002aaa71060040315660610100c0c9fcfc007e301140d2f1b37e010014520321264318000ff9ce02c2e20fffff15f000000b140221208d36ad0000053218000fff6599c0a00fffe401212001662eb0000e73b3c40fffffbc68ea0ffff802212007f70f10000fffd50f5ffffff28ca5affff8032180000000000010000a3210000fffffc92fffffffeec89ffff50420cadefe3a90039e1f0b59f000b502206898f3f140051d0121204b10c080000f7b50eb0ffff023591b000009c
faff36bb102002aaa81060040315666a10100c0d38664007e301140d2f1b37e010014520321264090000ff9ce005bb80fffff1a3000000b140221206d65fe8000053a9b000fff65ad26400fffe40121200116cb20000e73c9100fffffbc9d900ffff802212ffbe53b1ffffff9875b0ffffff9c8fafffff803218000000010001ffffabf1ffffffff7b78ffffffff80b9ffff50420cadefe39d0039e1f0b5ac000b5022068aa554cb0051d0121204aa7b400000f7ba1420ffff0256d978000026
faff36bb102002aaa9106004031566ce10100c0dd0fcc007e301140d2f1b37e010014520321264130000ff9cdfb85cc0fffff1bc000000b14022120a4ec240000052f7f000fff660a6d400fffe401212001a414a0000e73acd20fffffbd8b0c0ffff802212001281ae0000ffeb3327ffffff738589ffff803218000000010001000017b00000ffffe561ffffffff4c31ffff50420cadefe3900039e1f0b5b9000b5022068ddd192d0051d01212049fa1e80000f7b6a2c0ffff02baf6200000ea
faff36bb102002aaaa1060040315673210100c0e69934007e301140d2f1b37e010014520321264130000ff9cdf74ae80fffff238000000b1402212064e4f580000548a8000fff65a34d400fffe40121200100c060000e73ed2e0fffffbc83770ffff802212fff7d248ffffff3c4be7ffffff7b3cd4ffff803218000000010001fffff588ffffffff0580ffffffff5611ffff50420cadefe3840039e1f0b5c6000b5022068c768df90051d012120499de680000f7b437c0ffff028632cc00001b
faff36bb102002aaab1060040315679610100c0f0229c007e301140d2f1b37e010014520321263ee8000ff9cdf29e100fffff2a7000000b1402212053aed080000566fc000fff6588c4e00fffe401212000d42fb0000e743aac0fffffbc40640ffff802212ffc0c4ebffffff57272bffffff5f0336ffff803218000000000001ffffaf13ffffffff27e0ffffffff31f1ffff50420cadefe3770039e1f0b5d4000b5022068833ba450051d01212049cf7980000f7c06050ffff01e84a88000085
faff36bb102002aaac106004031567fa10100c0f9ac04007e301140d2f1b37e0100145203212640e0000ff9cdea49400fffff2f7000000b140221206493fb0000056e5d000fff65bd06200fffe401212000fdd550000e744ddc0fffffbcc4568ffff8022120036e2250000ff9e0712ffffff036fabffff803218000000010001000046410000ffff8298fffffffebcb9ffff50420cadefe36b0039e1f0b5e1000b5022068834fb160051d01212049cefa00000f7c6b1b0ffff01e0cc4400003a
faff36bb102002aaad1060040315685e10100c103356c007e301140d2f1b37e010014520321264268000ff9cdeae8600fffff366000000b1402212050182080000532ca000fff65afe8600fffe401212000cd50d0000e73b5540fffffbca2f20ffff802212002aeb780000ff3e5f43fffffff0d077ffff803218000000010001000036f00000ffff0829ffffffffec91ffff50420cadefe35e0039e1f0b5ee000b502206882edc580051d01212049c5f700000f7cb4d10ffff01d7a24c0000a8
faff36bb102002aaae106004031568c210100c10cbed4007e301140d2f1b37e010014520321263d40000ff9cde924f40fffff32f000000b140221206949e68000052cb1000fff65fd6c400fffe4012120010cc490000e73a53c0fffffbd6c3f0ffff802212ff715938ffff0065a8e70000ffdf42acffff803218000000010001ffff4968ffff000082200000ffffd619ffff50420cadefe3520039e1f0b5fb000b50220688300f7e0051d01212049cbd400000f7ca03d0ffff01d3e140000099
faff36bb102002aaaf1060040315692610100c116483c007e301140d2f1b37e010014520321263a90000ff9cde40aac0fffff361000000b140221204c91f2800005412a000fff65d827e00fffe401212000c1c860000e73d9d00fffffbd0bd08ffff802212ffb4061affffffc1b200ffffff64ec03ffff803218000000000001ffff9ec1ffffffffb040ffffffff3981ffff50420cadefe3460039e1f0b608000b502206882a334a0051d01212049b0c280000f7c2e390ffff01cfb8980000a5
faff367c70105e02f5d4e207e301140d2f1b37000000050ee3358403010c000715235422612f2100013dfb0000a7b4000008e80000084a0000000600000000fffffffd00000006000000000000013800e55d8200020000009800880043006f004f0035003a10100c0ee6b28007e301140d2f1b3710600403156784102002aab0c5
faff36bb102002aab11060040315698a10100c11fd1a4007e301140d2f1b37e010014520321263a00000ff9cde0b3980fffff3b3000000b140221205a677a8000056b73000fff65c322600fffe401212000e5f920000e74463c0fffffbcd50d0ffff802212fff1852cffffff834b1bffffff8c4734ffff803218000000010001ffffed79ffffffff6060ffffffff6be1ffff50420cadefe3390039e1f0b615000b502206882b609f0051d01212049de5200000f7c50520ffff01c3fbf20000b4
