PacketCounter:
  Max
SampleTimeFine:
  Max
UTCTime:
  Max
StatusByte:
  Max
EulerAngles(EastNorthUp,FP1632):
  100 Hz
Acceleration(FP1632):
  100 Hz
DeltaV(FP1632):
  100 Hz
RateOfTurn(FP1632):
  100 Hz
DeltaQ(FP1632):
  100 Hz
LatLon(FP1632):
  100 Hz
AltitudeEllipsoid(FP1632):
  100 Hz
VelocityXYZ(EastNorthUp,FP1632):
  100 Hz
GNSSPVTData:
  4 Hz